Archive member included to satisfy reference by file (symbol)

c:/st/stm32cubeide_1.9.0/stm32cubeide/plugins/com.st.stm32cube.ide.mcu.externaltools.gnu-tools-for-stm32.10.3-2021.10.win32_1.0.0.202111181127/tools/bin/../lib/gcc/arm-none-eabi/10.3.1/../../../../arm-none-eabi/lib/thumb/v7e-m+fp/hard\libc_nano.a(lib_a-errno.o)
                              ./Application/User/Core/syscalls.o (__errno)
c:/st/stm32cubeide_1.9.0/stm32cubeide/plugins/com.st.stm32cube.ide.mcu.externaltools.gnu-tools-for-stm32.10.3-2021.10.win32_1.0.0.202111181127/tools/bin/../lib/gcc/arm-none-eabi/10.3.1/../../../../arm-none-eabi/lib/thumb/v7e-m+fp/hard\libc_nano.a(lib_a-exit.o)
                              c:/st/stm32cubeide_1.9.0/stm32cubeide/plugins/com.st.stm32cube.ide.mcu.externaltools.gnu-tools-for-stm32.10.3-2021.10.win32_1.0.0.202111181127/tools/bin/../lib/gcc/arm-none-eabi/10.3.1/../../../../arm-none-eabi/lib/thumb/v7e-m+fp/hard/crt0.o (exit)
c:/st/stm32cubeide_1.9.0/stm32cubeide/plugins/com.st.stm32cube.ide.mcu.externaltools.gnu-tools-for-stm32.10.3-2021.10.win32_1.0.0.202111181127/tools/bin/../lib/gcc/arm-none-eabi/10.3.1/../../../../arm-none-eabi/lib/thumb/v7e-m+fp/hard\libc_nano.a(lib_a-findfp.o)
                              ./Middlewares/FreeRTOS/tasks.o (__sf_fake_stderr)
c:/st/stm32cubeide_1.9.0/stm32cubeide/plugins/com.st.stm32cube.ide.mcu.externaltools.gnu-tools-for-stm32.10.3-2021.10.win32_1.0.0.202111181127/tools/bin/../lib/gcc/arm-none-eabi/10.3.1/../../../../arm-none-eabi/lib/thumb/v7e-m+fp/hard\libc_nano.a(lib_a-fwalk.o)
                              c:/st/stm32cubeide_1.9.0/stm32cubeide/plugins/com.st.stm32cube.ide.mcu.externaltools.gnu-tools-for-stm32.10.3-2021.10.win32_1.0.0.202111181127/tools/bin/../lib/gcc/arm-none-eabi/10.3.1/../../../../arm-none-eabi/lib/thumb/v7e-m+fp/hard\libc_nano.a(lib_a-findfp.o) (_fwalk)
c:/st/stm32cubeide_1.9.0/stm32cubeide/plugins/com.st.stm32cube.ide.mcu.externaltools.gnu-tools-for-stm32.10.3-2021.10.win32_1.0.0.202111181127/tools/bin/../lib/gcc/arm-none-eabi/10.3.1/../../../../arm-none-eabi/lib/thumb/v7e-m+fp/hard\libc_nano.a(lib_a-impure.o)
                              c:/st/stm32cubeide_1.9.0/stm32cubeide/plugins/com.st.stm32cube.ide.mcu.externaltools.gnu-tools-for-stm32.10.3-2021.10.win32_1.0.0.202111181127/tools/bin/../lib/gcc/arm-none-eabi/10.3.1/../../../../arm-none-eabi/lib/thumb/v7e-m+fp/hard\libc_nano.a(lib_a-exit.o) (_global_impure_ptr)
c:/st/stm32cubeide_1.9.0/stm32cubeide/plugins/com.st.stm32cube.ide.mcu.externaltools.gnu-tools-for-stm32.10.3-2021.10.win32_1.0.0.202111181127/tools/bin/../lib/gcc/arm-none-eabi/10.3.1/../../../../arm-none-eabi/lib/thumb/v7e-m+fp/hard\libc_nano.a(lib_a-init.o)
                              c:/st/stm32cubeide_1.9.0/stm32cubeide/plugins/com.st.stm32cube.ide.mcu.externaltools.gnu-tools-for-stm32.10.3-2021.10.win32_1.0.0.202111181127/tools/bin/../lib/gcc/arm-none-eabi/10.3.1/../../../../arm-none-eabi/lib/thumb/v7e-m+fp/hard/crt0.o (__libc_init_array)
c:/st/stm32cubeide_1.9.0/stm32cubeide/plugins/com.st.stm32cube.ide.mcu.externaltools.gnu-tools-for-stm32.10.3-2021.10.win32_1.0.0.202111181127/tools/bin/../lib/gcc/arm-none-eabi/10.3.1/../../../../arm-none-eabi/lib/thumb/v7e-m+fp/hard\libc_nano.a(lib_a-lock.o)
                              c:/st/stm32cubeide_1.9.0/stm32cubeide/plugins/com.st.stm32cube.ide.mcu.externaltools.gnu-tools-for-stm32.10.3-2021.10.win32_1.0.0.202111181127/tools/bin/../lib/gcc/arm-none-eabi/10.3.1/../../../../arm-none-eabi/lib/thumb/v7e-m+fp/hard\libc_nano.a(lib_a-findfp.o) (__retarget_lock_init_recursive)
c:/st/stm32cubeide_1.9.0/stm32cubeide/plugins/com.st.stm32cube.ide.mcu.externaltools.gnu-tools-for-stm32.10.3-2021.10.win32_1.0.0.202111181127/tools/bin/../lib/gcc/arm-none-eabi/10.3.1/../../../../arm-none-eabi/lib/thumb/v7e-m+fp/hard\libc_nano.a(lib_a-memcpy-stub.o)
                              ./Middlewares/FreeRTOS/cmsis_os2.o (memcpy)
c:/st/stm32cubeide_1.9.0/stm32cubeide/plugins/com.st.stm32cube.ide.mcu.externaltools.gnu-tools-for-stm32.10.3-2021.10.win32_1.0.0.202111181127/tools/bin/../lib/gcc/arm-none-eabi/10.3.1/../../../../arm-none-eabi/lib/thumb/v7e-m+fp/hard\libc_nano.a(lib_a-memset.o)
                              c:/st/stm32cubeide_1.9.0/stm32cubeide/plugins/com.st.stm32cube.ide.mcu.externaltools.gnu-tools-for-stm32.10.3-2021.10.win32_1.0.0.202111181127/tools/bin/../lib/gcc/arm-none-eabi/10.3.1/../../../../arm-none-eabi/lib/thumb/v7e-m+fp/hard/crt0.o (memset)
c:/st/stm32cubeide_1.9.0/stm32cubeide/plugins/com.st.stm32cube.ide.mcu.externaltools.gnu-tools-for-stm32.10.3-2021.10.win32_1.0.0.202111181127/tools/bin/../lib/gcc/arm-none-eabi/10.3.1/../../../../arm-none-eabi/lib/thumb/v7e-m+fp/hard\libc_nano.a(lib_a-nano-mallocr.o)
[...]
Memory Configuration

Name             Origin             Length             Attributes
CCMRAM           0x0000000010000000 0x0000000000010000 xrw
RAM              0x0000000020000000 0x0000000000020000 xrw
FLASH            0x0000000008000000 0x0000000000100000 xr
*default*        0x0000000000000000 0xffffffffffffffff

Linker script and memory map

LOAD c:/st/stm32cubeide_1.9.0/stm32cubeide/plugins/com.st.stm32cube.ide.mcu.externaltools.gnu-tools-for-stm32.10.3-2021.10.win32_1.0.0.202111181127/tools/bin/../lib/gcc/arm-none-eabi/10.3.1/thumb/v7e-m+fp/hard/crti.o
LOAD c:/st/stm32cubeide_1.9.0/stm32cubeide/plugins/com.st.stm32cube.ide.mcu.externaltools.gnu-tools-for-stm32.10.3-2021.10.win32_1.0.0.202111181127/tools/bin/../lib/gcc/arm-none-eabi/10.3.1/thumb/v7e-m+fp/hard/crtbegin.o
LOAD c:/st/stm32cubeide_1.9.0/stm32cubeide/plugins/com.st.stm32cube.ide.mcu.externaltools.gnu-tools-for-stm32.10.3-2021.10.win32_1.0.0.202111181127/tools/bin/../lib/gcc/arm-none-eabi/10.3.1/../../../../arm-none-eabi/lib/thumb/v7e-m+fp/hard/crt0.o
LOAD ./Application/User/Core/adc.o
LOAD ./Application/User/Core/dma.o
LOAD ./Application/User/Core/freertos.o
LOAD ./Application/User/Core/gpio.o
LOAD ./Application/User/Core/i2c.o
LOAD ./Application/User/Core/main.o
LOAD ./Application/User/Core/stm32f4xx_hal_msp.o
LOAD ./Application/User/Core/stm32f4xx_hal_timebase_tim.o
LOAD ./Application/User/Core/stm32f4xx_it.o
LOAD ./Application/User/Core/syscalls.o
LOAD ./Application/User/Core/sysmem.o
LOAD ./Application/User/Core/tim.o
LOAD ./Application/User/Core/usart.o
LOAD ./Application/User/Startup/startup_stm32f407vgtx.o
LOAD ./Drivers/CMSIS/system_stm32f4xx.o
LOAD ./Drivers/STM32F4xx_HAL_Driver/stm32f4xx_hal.o
LOAD ./Drivers/STM32F4xx_HAL_Driver/stm32f4xx_hal_adc.o
LOAD ./Drivers/STM32F4xx_HAL_Driver/stm32f4xx_hal_adc_ex.o
LOAD ./Drivers/STM32F4xx_HAL_Driver/stm32f4xx_hal_cortex.o
LOAD ./Drivers/STM32F4xx_HAL_Driver/stm32f4xx_hal_dma.o
LOAD ./Drivers/STM32F4xx_HAL_Driver/stm32f4xx_hal_dma_ex.o
LOAD ./Drivers/STM32F4xx_HAL_Driver/stm32f4xx_hal_exti.o
LOAD ./Drivers/STM32F4xx_HAL_Driver/stm32f4xx_hal_flash.o
LOAD ./Drivers/STM32F4xx_HAL_Driver/stm32f4xx_hal_flash_ex.o
LOAD ./Drivers/STM32F4xx_HAL_Driver/stm32f4xx_hal_flash_ramfunc.o
LOAD ./Drivers/STM32F4xx_HAL_Driver/stm32f4xx_hal_gpio.o
LOAD ./Drivers/STM32F4xx_HAL_Driver/stm32f4xx_hal_i2c.o
LOAD ./Drivers/STM32F4xx_HAL_Driver/stm32f4xx_hal_i2c_ex.o
LOAD ./Drivers/STM32F4xx_HAL_Driver/stm32f4xx_hal_pwr.o
LOAD ./Drivers/STM32F4xx_HAL_Driver/stm32f4xx_hal_pwr_ex.o
LOAD ./Drivers/STM32F4xx_HAL_Driver/stm32f4xx_hal_rcc.o
LOAD ./Drivers/STM32F4xx_HAL_Driver/stm32f4xx_hal_rcc_ex.o
LOAD ./Drivers/STM32F4xx_HAL_Driver/stm32f4xx_hal_tim.o
LOAD ./Drivers/STM32F4xx_HAL_Driver/stm32f4xx_hal_tim_ex.o
LOAD ./Drivers/STM32F4xx_HAL_Driver/stm32f4xx_hal_uart.o
LOAD ./Drivers/STM32F4xx_HAL_Driver/stm32f4xx_ll_adc.o
LOAD ./Middlewares/FreeRTOS/cmsis_os2.o
LOAD ./Middlewares/FreeRTOS/croutine.o
LOAD ./Middlewares/FreeRTOS/event_groups.o
LOAD ./Middlewares/FreeRTOS/heap_4.o
LOAD ./Middlewares/FreeRTOS/list.o
LOAD ./Middlewares/FreeRTOS/port.o
LOAD ./Middlewares/FreeRTOS/queue.o
LOAD ./Middlewares/FreeRTOS/stream_buffer.o
LOAD ./Middlewares/FreeRTOS/tasks.o
LOAD ./Middlewares/FreeRTOS/timers.o
START GROUP
LOAD c:/st/stm32cubeide_1.9.0/stm32cubeide/plugins/com.st.stm32cube.ide.mcu.externaltools.gnu-tools-for-stm32.10.3-2021.10.win32_1.0.0.202111181127/tools/bin/../lib/gcc/arm-none-eabi/10.3.1/../../../../arm-none-eabi/lib/thumb/v7e-m+fp/hard\libc_nano.a
LOAD c:/st/stm32cubeide_1.9.0/stm32cubeide/plugins/com.st.stm32cube.ide.mcu.externaltools.gnu-tools-for-stm32.10.3-2021.10.win32_1.0.0.202111181127/tools/bin/../lib/gcc/arm-none-eabi/10.3.1/../../../../arm-none-eabi/lib/thumb/v7e-m+fp/hard\libm.a
END GROUP
START GROUP
LOAD c:/st/stm32cubeide_1.9.0/stm32cubeide/plugins/com.st.stm32cube.ide.mcu.externaltools.gnu-tools-for-stm32.10.3-2021.10.win32_1.0.0.202111181127/tools/bin/../lib/gcc/arm-none-eabi/10.3.1/thumb/v7e-m+fp/hard\libgcc.a
LOAD c:/st/stm32cubeide_1.9.0/stm32cubeide/plugins/com.st.stm32cube.ide.mcu.externaltools.gnu-tools-for-stm32.10.3-2021.10.win32_1.0.0.202111181127/tools/bin/../lib/gcc/arm-none-eabi/10.3.1/../../../../arm-none-eabi/lib/thumb/v7e-m+fp/hard\libc_nano.a
END GROUP
START GROUP
LOAD c:/st/stm32cubeide_1.9.0/stm32cubeide/plugins/com.st.stm32cube.ide.mcu.externaltools.gnu-tools-for-stm32.10.3-2021.10.win32_1.0.0.202111181127/tools/bin/../lib/gcc/arm-none-eabi/10.3.1/thumb/v7e-m+fp/hard\libgcc.a
LOAD c:/st/stm32cubeide_1.9.0/stm32cubeide/plugins/com.st.stm32cube.ide.mcu.externaltools.gnu-tools-for-stm32.10.3-2021.10.win32_1.0.0.202111181127/tools/bin/../lib/gcc/arm-none-eabi/10.3.1/../../../../arm-none-eabi/lib/thumb/v7e-m+fp/hard\libc_nano.a
LOAD c:/st/stm32cubeide_1.9.0/stm32cubeide/plugins/com.st.stm32cube.ide.mcu.externaltools.gnu-tools-for-stm32.10.3-2021.10.win32_1.0.0.202111181127/tools/bin/../lib/gcc/arm-none-eabi/10.3.1/../../../../arm-none-eabi/lib/thumb/v7e-m+fp/hard\libnosys.a
END GROUP
START GROUP
LOAD c:/st/stm32cubeide_1.9.0/stm32cubeide/plugins/com.st.stm32cube.ide.mcu.externaltools.gnu-tools-for-stm32.10.3-2021.10.win32_1.0.0.202111181127/tools/bin/../lib/gcc/arm-none-eabi/10.3.1/thumb/v7e-m+fp/hard\libgcc.a
LOAD c:/st/stm32cubeide_1.9.0/stm32cubeide/plugins/com.st.stm32cube.ide.mcu.externaltools.gnu-tools-for-stm32.10.3-2021.10.win32_1.0.0.202111181127/tools/bin/../lib/gcc/arm-none-eabi/10.3.1/../../../../arm-none-eabi/lib/thumb/v7e-m+fp/hard\libc_nano.a
LOAD c:/st/stm32cubeide_1.9.0/stm32cubeide/plugins/com.st.stm32cube.ide.mcu.externaltools.gnu-tools-for-stm32.10.3-2021.10.win32_1.0.0.202111181127/tools/bin/../lib/gcc/arm-none-eabi/10.3.1/../../../../arm-none-eabi/lib/thumb/v7e-m+fp/hard\libnosys.a
END GROUP
LOAD c:/st/stm32cubeide_1.9.0/stm32cubeide/plugins/com.st.stm32cube.ide.mcu.externaltools.gnu-tools-for-stm32.10.3-2021.10.win32_1.0.0.202111181127/tools/bin/../lib/gcc/arm-none-eabi/10.3.1/thumb/v7e-m+fp/hard/crtend.o
LOAD c:/st/stm32cubeide_1.9.0/stm32cubeide/plugins/com.st.stm32cube.ide.mcu.externaltools.gnu-tools-for-stm32.10.3-2021.10.win32_1.0.0.202111181127/tools/bin/../lib/gcc/arm-none-eabi/10.3.1/thumb/v7e-m+fp/hard/crtn.o
                0x0000000020020000                _estack = (ORIGIN (RAM) + LENGTH (RAM))
                0x0000000000000200                _Min_Heap_Size = 0x200
                0x0000000000000400                _Min_Stack_Size = 0x400

.isr_vector     0x0000000008000000      0x188
                0x0000000008000000                . = ALIGN (0x4)
 *(.isr_vector)
 .isr_vector    0x0000000008000000      0x188 ./Application/User/Startup/startup_stm32f407vgtx.o
                0x0000000008000000                g_pfnVectors
                0x0000000008000188                . = ALIGN (0x4)

.text           0x0000000008000190     0x9904
                0x0000000008000190                . = ALIGN (0x4)
 *(.text)
 .text          0x0000000008000190       0x40 c:/st/stm32cubeide_1.9.0/stm32cubeide/plugins/com.st.stm32cube.ide.mcu.externaltools.gnu-tools-for-stm32.10.3-2021.10.win32_1.0.0.202111181127/tools/bin/../lib/gcc/arm-none-eabi/10.3.1/thumb/v7e-m+fp/hard/crtbegin.o
 .text          0x00000000080001d0      0x378 c:/st/stm32cubeide_1.9.0/stm32cubeide/plugins/com.st.stm32cube.ide.mcu.externaltools.gnu-tools-for-stm32.10.3-2021.10.win32_1.0.0.202111181127/tools/bin/../lib/gcc/arm-none-eabi/10.3.1/thumb/v7e-m+fp/hard\libgcc.a(_arm_addsubdf3.o)
                0x00000000080001d0                __aeabi_drsub
                0x00000000080001d8                __aeabi_dsub
                0x00000000080001d8                __subdf3
                0x00000000080001dc                __aeabi_dadd
                0x00000000080001dc                __adddf3
                0x0000000008000454                __floatunsidf
                0x0000000008000454                __aeabi_ui2d
                0x0000000008000474                __floatsidf
                0x0000000008000474                __aeabi_i2d
                0x0000000008000498                __aeabi_f2d
                0x0000000008000498                __extendsfdf2
                0x00000000080004dc                __floatundidf
                0x00000000080004dc                __aeabi_ul2d
                0x00000000080004ec                __floatdidf
                0x00000000080004ec                __aeabi_l2d
 .text          0x0000000008000548      0x424 c:/st/stm32cubeide_1.9.0/stm32cubeide/plugins/com.st.stm32cube.ide.mcu.externaltools.gnu-tools-for-stm32.10.3-2021.10.win32_1.0.0.202111181127/tools/bin/../lib/gcc/arm-none-eabi/10.3.1/thumb/v7e-m+fp/hard\libgcc.a(_arm_muldivdf3.o)
                0x0000000008000548                __aeabi_dmul
                0x0000000008000548                __muldf3
                0x000000000800079c                __divdf3
                0x000000000800079c                __aeabi_ddiv
 .text          0x000000000800096c       0xa0 c:/st/stm32cubeide_1.9.0/stm32cubeide/plugins/com.st.stm32cube.ide.mcu.externaltools.gnu-tools-for-stm32.10.3-2021.10.win32_1.0.0.202111181127/tools/bin/../lib/gcc/arm-none-eabi/10.3.1/thumb/v7e-m+fp/hard\libgcc.a(_arm_truncdfsf2.o)
                0x000000000800096c                __truncdfsf2
                0x000000000800096c                __aeabi_d2f
 .text          0x0000000008000a0c       0x30 c:/st/stm32cubeide_1.9.0/stm32cubeide/plugins/com.st.stm32cube.ide.mcu.externaltools.gnu-tools-for-stm32.10.3-2021.10.win32_1.0.0.202111181127/tools/bin/../lib/gcc/arm-none-eabi/10.3.1/thumb/v7e-m+fp/hard\libgcc.a(_aeabi_uldivmod.o)
                0x0000000008000a0c                __aeabi_uldivmod
 .text          0x0000000008000a3c      0x2d0 c:/st/stm32cubeide_1.9.0/stm32cubeide/plugins/com.st.stm32cube.ide.mcu.externaltools.gnu-tools-for-stm32.10.3-2021.10.win32_1.0.0.202111181127/tools/bin/../lib/gcc/arm-none-eabi/10.3.1/thumb/v7e-m+fp/hard\libgcc.a(_udivmoddi4.o)
                0x0000000008000a3c                __udivmoddi4
 .text          0x0000000008000d0c        0x4 c:/st/stm32cubeide_1.9.0/stm32cubeide/plugins/com.st.stm32cube.ide.mcu.externaltools.gnu-tools-for-stm32.10.3-2021.10.win32_1.0.0.202111181127/tools/bin/../lib/gcc/arm-none-eabi/10.3.1/thumb/v7e-m+fp/hard\libgcc.a(_dvmd_tls.o)
                0x0000000008000d0c                __aeabi_idiv0
                0x0000000008000d0c                __aeabi_ldiv0
 *(.text*)
 .text.MX_ADC1_Init
                0x0000000008000d10      0x1a0 ./Application/User/Core/adc.o
                0x0000000008000d10                MX_ADC1_Init
 .text.HAL_ADC_MspInit
                0x0000000008000eb0      0x164 ./Application/User/Core/adc.o
                0x0000000008000eb0                HAL_ADC_MspInit
 .text.MX_DMA_Init
                0x0000000008001014       0x60 ./Application/User/Core/dma.o
                0x0000000008001014                MX_DMA_Init
 .text.reset_options
                0x0000000008001074       0x68 ./Application/User/Core/freertos.o
 .text.check_modbus_crc
                0x00000000080010dc       0x70 ./Application/User/Core/freertos.o
 .text.MX_FREERTOS_Init
                0x000000000800114c       0x40 ./Application/User/Core/freertos.o
                0x000000000800114c                MX_FREERTOS_Init
 .text.StartDefaultTask
                0x000000000800118c      0x14c ./Application/User/Core/freertos.o
                0x000000000800118c                StartDefaultTask
 .text.ModBus_Task
                0x00000000080012d8      0x104 ./Application/User/Core/freertos.o
                0x00000000080012d8                ModBus_Task
 .text.MX_GPIO_Init
                0x00000000080013dc      0x254 ./Application/User/Core/gpio.o
                0x00000000080013dc                MX_GPIO_Init
 .text.MX_I2C2_Init
                0x0000000008001630       0x5c ./Application/User/Core/i2c.o
                0x0000000008001630                MX_I2C2_Init
 .text.HAL_I2C_MspInit
                0x000000000800168c       0x90 ./Application/User/Core/i2c.o
                0x000000000800168c                HAL_I2C_MspInit
 .text.main     0x000000000800171c       0xcc ./Application/User/Core/main.o
                0x000000000800171c                main
 .text.SystemClock_Config
                0x00000000080017e8       0xd4 ./Application/User/Core/main.o
                0x00000000080017e8                SystemClock_Config
 *fill*         0x00000000080018bc        0x4 
 .text.get_encoder_data
                0x00000000080018c0      0x1a8 ./Application/User/Core/main.o
                0x00000000080018c0                get_encoder_data
 .text.calc_pid
                0x0000000008001a68      0x434 ./Application/User/Core/main.o
                0x0000000008001a68                calc_pid
 .text.set_voltage
                0x0000000008001e9c      0x1dc ./Application/User/Core/main.o
                0x0000000008001e9c                set_voltage
 .text.init_pid
                0x0000000008002078      0x174 ./Application/User/Core/main.o
                0x0000000008002078                init_pid
 .text.HAL_TIM_PeriodElapsedCallback
                0x00000000080021ec       0x24 ./Application/User/Core/main.o
                0x00000000080021ec                HAL_TIM_PeriodElapsedCallback
 .text.Error_Handler
                0x0000000008002210        0xa ./Application/User/Core/main.o
                0x0000000008002210                Error_Handler
 *fill*         0x000000000800221a        0x2 
 .text.HAL_MspInit
                0x000000000800221c       0x58 ./Application/User/Core/stm32f4xx_hal_msp.o
                0x000000000800221c                HAL_MspInit
 .text.HAL_InitTick
                0x0000000008002274       0xb4 ./Application/User/Core/stm32f4xx_hal_timebase_tim.o
                0x0000000008002274                HAL_InitTick
 .text.NMI_Handler
                0x0000000008002328        0x6 ./Application/User/Core/stm32f4xx_it.o
                0x0000000008002328                NMI_Handler
 .text.HardFault_Handler
                0x000000000800232e        0x6 ./Application/User/Core/stm32f4xx_it.o
                0x000000000800232e                HardFault_Handler
 .text.MemManage_Handler
                0x0000000008002334        0x6 ./Application/User/Core/stm32f4xx_it.o
                0x0000000008002334                MemManage_Handler
 .text.BusFault_Handler
                0x000000000800233a        0x6 ./Application/User/Core/stm32f4xx_it.o
                0x000000000800233a                BusFault_Handler
 .text.UsageFault_Handler
                0x0000000008002340        0x6 ./Application/User/Core/stm32f4xx_it.o
                0x0000000008002340                UsageFault_Handler
 .text.DebugMon_Handler
                0x0000000008002346        0xe ./Application/User/Core/stm32f4xx_it.o
                0x0000000008002346                DebugMon_Handler
 .text.EXTI0_IRQHandler
                0x0000000008002354        0xe ./Application/User/Core/stm32f4xx_it.o
                0x0000000008002354                EXTI0_IRQHandler
 .text.EXTI1_IRQHandler
                0x0000000008002362        0xe ./Application/User/Core/stm32f4xx_it.o
                0x0000000008002362                EXTI1_IRQHandler
 .text.EXTI2_IRQHandler
                0x0000000008002370        0xe ./Application/User/Core/stm32f4xx_it.o
                0x0000000008002370                EXTI2_IRQHandler
 .text.EXTI3_IRQHandler
                0x000000000800237e        0xe ./Application/User/Core/stm32f4xx_it.o
                0x000000000800237e                EXTI3_IRQHandler
 .text.EXTI4_IRQHandler
                0x000000000800238c        0xe ./Application/User/Core/stm32f4xx_it.o
                0x000000000800238c                EXTI4_IRQHandler
 .text.EXTI9_5_IRQHandler
                0x000000000800239a       0x24 ./Application/User/Core/stm32f4xx_it.o
                0x000000000800239a                EXTI9_5_IRQHandler
 *fill*         0x00000000080023be        0x2 
 .text.TIM1_UP_TIM10_IRQHandler
                0x00000000080023c0       0x1c ./Application/User/Core/stm32f4xx_it.o
                0x00000000080023c0                TIM1_UP_TIM10_IRQHandler
 .text.EXTI15_10_IRQHandler
                0x00000000080023dc       0x10 ./Application/User/Core/stm32f4xx_it.o
                0x00000000080023dc                EXTI15_10_IRQHandler
 .text.TIM6_DAC_IRQHandler
                0x00000000080023ec       0x58 ./Application/User/Core/stm32f4xx_it.o
                0x00000000080023ec                TIM6_DAC_IRQHandler
 .text.TIM7_IRQHandler
                0x0000000008002444       0x14 ./Application/User/Core/stm32f4xx_it.o
                0x0000000008002444                TIM7_IRQHandler
 .text.DMA2_Stream0_IRQHandler
                0x0000000008002458       0x14 ./Application/User/Core/stm32f4xx_it.o
                0x0000000008002458                DMA2_Stream0_IRQHandler
 .text.DMA2_Stream2_IRQHandler
                0x000000000800246c       0x1c ./Application/User/Core/stm32f4xx_it.o
                0x000000000800246c                DMA2_Stream2_IRQHandler
 .text.DMA2_Stream7_IRQHandler
                0x0000000008002488       0x14 ./Application/User/Core/stm32f4xx_it.o
                0x0000000008002488                DMA2_Stream7_IRQHandler
 .text.MX_TIM2_Init
                0x000000000800249c       0xa8 ./Application/User/Core/tim.o
                0x000000000800249c                MX_TIM2_Init
 .text.MX_TIM3_Init
                0x0000000008002544       0xa8 ./Application/User/Core/tim.o
                0x0000000008002544                MX_TIM3_Init
 .text.MX_TIM4_Init
                0x00000000080025ec       0xf4 ./Application/User/Core/tim.o
                0x00000000080025ec                MX_TIM4_Init
 .text.MX_TIM6_Init
                0x00000000080026e0       0x6c ./Application/User/Core/tim.o
                0x00000000080026e0                MX_TIM6_Init
 .text.MX_TIM7_Init
                0x000000000800274c       0x6c ./Application/User/Core/tim.o
                0x000000000800274c                MX_TIM7_Init
 .text.MX_TIM8_Init
                0x00000000080027b8       0xb0 ./Application/User/Core/tim.o
                0x00000000080027b8                MX_TIM8_Init
 .text.MX_TIM9_Init
                0x0000000008002868       0xa0 ./Application/User/Core/tim.o
                0x0000000008002868                MX_TIM9_Init
 .text.MX_TIM10_Init
                0x0000000008002908       0x9c ./Application/User/Core/tim.o
                0x0000000008002908                MX_TIM10_Init
 .text.MX_TIM11_Init
                0x00000000080029a4       0x9c ./Application/User/Core/tim.o
                0x00000000080029a4                MX_TIM11_Init
 .text.MX_TIM12_Init
                0x0000000008002a40       0xa0 ./Application/User/Core/tim.o
                0x0000000008002a40                MX_TIM12_Init
 .text.HAL_TIM_Encoder_MspInit
                0x0000000008002ae0      0x1a0 ./Application/User/Core/tim.o
                0x0000000008002ae0                HAL_TIM_Encoder_MspInit
 .text.HAL_TIM_PWM_MspInit
                0x0000000008002c80       0x9c ./Application/User/Core/tim.o
                0x0000000008002c80                HAL_TIM_PWM_MspInit
 .text.HAL_TIM_Base_MspInit
                0x0000000008002d1c       0xf4 ./Application/User/Core/tim.o
                0x0000000008002d1c                HAL_TIM_Base_MspInit
 .text.HAL_TIM_MspPostInit
                0x0000000008002e10      0x1b4 ./Application/User/Core/tim.o
                0x0000000008002e10                HAL_TIM_MspPostInit
 .text.MX_USART1_UART_Init
                0x0000000008002fc4       0x54 ./Application/User/Core/usart.o
                0x0000000008002fc4                MX_USART1_UART_Init
 .text.MX_USART3_UART_Init
                0x0000000008003018       0x54 ./Application/User/Core/usart.o
                0x0000000008003018                MX_USART3_UART_Init
 .text.HAL_UART_MspInit
                0x000000000800306c      0x1c8 ./Application/User/Core/usart.o
                0x000000000800306c                HAL_UART_MspInit
 .text.Reset_Handler
                0x0000000008003234       0x50 ./Application/User/Startup/startup_stm32f407vgtx.o
                0x0000000008003234                Reset_Handler
 .text.Default_Handler
                0x0000000008003284        0x2 ./Application/User/Startup/startup_stm32f407vgtx.o
                0x0000000008003284                RTC_Alarm_IRQHandler
                0x0000000008003284                HASH_RNG_IRQHandler
                0x0000000008003284                TIM8_CC_IRQHandler
                0x0000000008003284                TIM1_CC_IRQHandler
                0x0000000008003284                DMA2_Stream5_IRQHandler
                0x0000000008003284                DMA1_Stream5_IRQHandler
                0x0000000008003284                PVD_IRQHandler
                0x0000000008003284                SDIO_IRQHandler
                0x0000000008003284                TAMP_STAMP_IRQHandler
                0x0000000008003284                CAN2_RX1_IRQHandler
                0x0000000008003284                TIM8_TRG_COM_TIM14_IRQHandler
                0x0000000008003284                TIM8_UP_TIM13_IRQHandler
                0x0000000008003284                I2C3_ER_IRQHandler
                0x0000000008003284                I2C2_EV_IRQHandler
                0x0000000008003284                DMA1_Stream2_IRQHandler
                0x0000000008003284                CAN1_RX0_IRQHandler
                0x0000000008003284                FPU_IRQHandler
                0x0000000008003284                OTG_HS_WKUP_IRQHandler
                0x0000000008003284                CAN2_SCE_IRQHandler
                0x0000000008003284                SPI1_IRQHandler
                0x0000000008003284                TIM1_BRK_TIM9_IRQHandler
                0x0000000008003284                DCMI_IRQHandler
                0x0000000008003284                CAN2_RX0_IRQHandler
                0x0000000008003284                DMA2_Stream3_IRQHandler
                0x0000000008003284                USART6_IRQHandler
                0x0000000008003284                USART3_IRQHandler
                0x0000000008003284                CAN1_RX1_IRQHandler
                0x0000000008003284                UART5_IRQHandler
                0x0000000008003284                TIM4_IRQHandler
                0x0000000008003284                I2C1_EV_IRQHandler
                0x0000000008003284                DMA1_Stream6_IRQHandler
                0x0000000008003284                DMA1_Stream1_IRQHandler
                0x0000000008003284                UART4_IRQHandler
                0x0000000008003284                TIM3_IRQHandler
                0x0000000008003284                RCC_IRQHandler
                0x0000000008003284                TIM8_BRK_TIM12_IRQHandler
                0x0000000008003284                Default_Handler
                0x0000000008003284                ADC_IRQHandler
                0x0000000008003284                DMA1_Stream7_IRQHandler
                0x0000000008003284                CAN2_TX_IRQHandler
                0x0000000008003284                TIM5_IRQHandler
                0x0000000008003284                I2C3_EV_IRQHandler
                0x0000000008003284                RTC_WKUP_IRQHandler
                0x0000000008003284                ETH_WKUP_IRQHandler
                0x0000000008003284                SPI2_IRQHandler
                0x0000000008003284                OTG_HS_EP1_IN_IRQHandler
                0x0000000008003284                DMA1_Stream0_IRQHandler
                0x0000000008003284                CAN1_TX_IRQHandler
                0x0000000008003284                FSMC_IRQHandler
                0x0000000008003284                ETH_IRQHandler
                0x0000000008003284                OTG_HS_EP1_OUT_IRQHandler
                0x0000000008003284                WWDG_IRQHandler
                0x0000000008003284                TIM2_IRQHandler
                0x0000000008003284                OTG_FS_WKUP_IRQHandler
                0x0000000008003284                TIM1_TRG_COM_TIM11_IRQHandler
                0x0000000008003284                OTG_HS_IRQHandler
                0x0000000008003284                USART2_IRQHandler
                0x0000000008003284                I2C2_ER_IRQHandler
                0x0000000008003284                DMA2_Stream1_IRQHandler
                0x0000000008003284                CAN1_SCE_IRQHandler
                0x0000000008003284                FLASH_IRQHandler
                0x0000000008003284                DMA2_Stream4_IRQHandler
                0x0000000008003284                USART1_IRQHandler
                0x0000000008003284                OTG_FS_IRQHandler
                0x0000000008003284                SPI3_IRQHandler
                0x0000000008003284                DMA1_Stream4_IRQHandler
                0x0000000008003284                I2C1_ER_IRQHandler
                0x0000000008003284                DMA2_Stream6_IRQHandler
                0x0000000008003284                DMA1_Stream3_IRQHandler
 *fill*         0x0000000008003286        0x2 
 .text.SystemInit
                0x0000000008003288       0x24 ./Drivers/CMSIS/system_stm32f4xx.o
                0x0000000008003288                SystemInit
 .text.HAL_Init
                0x00000000080032ac       0x44 ./Drivers/STM32F4xx_HAL_Driver/stm32f4xx_hal.o
                0x00000000080032ac                HAL_Init
 .text.HAL_IncTick
                0x00000000080032f0       0x28 ./Drivers/STM32F4xx_HAL_Driver/stm32f4xx_hal.o
                0x00000000080032f0                HAL_IncTick
 .text.HAL_GetTick
                0x0000000008003318       0x18 ./Drivers/STM32F4xx_HAL_Driver/stm32f4xx_hal.o
                0x0000000008003318                HAL_GetTick
 .text.HAL_ADC_Init
                0x0000000008003330       0x86 ./Drivers/STM32F4xx_HAL_Driver/stm32f4xx_hal_adc.o
                0x0000000008003330                HAL_ADC_Init
 *fill*         0x00000000080033b6        0x2 
 .text.HAL_ADC_ConfigChannel
                0x00000000080033b8      0x244 ./Drivers/STM32F4xx_HAL_Driver/stm32f4xx_hal_adc.o
                0x00000000080033b8                HAL_ADC_ConfigChannel
 .text.ADC_Init
                0x00000000080035fc      0x1f8 ./Drivers/STM32F4xx_HAL_Driver/stm32f4xx_hal_adc.o
 .text.__NVIC_SetPriorityGrouping
                0x00000000080037f4       0x48 ./Drivers/STM32F4xx_HAL_Driver/stm32f4xx_hal_cortex.o
 .text.__NVIC_GetPriorityGrouping
                0x000000000800383c       0x1c ./Drivers/STM32F4xx_HAL_Driver/stm32f4xx_hal_cortex.o
 .text.__NVIC_EnableIRQ
                0x0000000008003858       0x3c ./Drivers/STM32F4xx_HAL_Driver/stm32f4xx_hal_cortex.o
 .text.__NVIC_SetPriority
                0x0000000008003894       0x54 ./Drivers/STM32F4xx_HAL_Driver/stm32f4xx_hal_cortex.o
 .text.NVIC_EncodePriority
                0x00000000080038e8       0x66 ./Drivers/STM32F4xx_HAL_Driver/stm32f4xx_hal_cortex.o
 .text.HAL_NVIC_SetPriorityGrouping
                0x000000000800394e       0x16 ./Drivers/STM32F4xx_HAL_Driver/stm32f4xx_hal_cortex.o
                0x000000000800394e                HAL_NVIC_SetPriorityGrouping
 .text.HAL_NVIC_SetPriority
                0x0000000008003964       0x38 ./Drivers/STM32F4xx_HAL_Driver/stm32f4xx_hal_cortex.o
                0x0000000008003964                HAL_NVIC_SetPriority
 .text.HAL_NVIC_EnableIRQ
                0x000000000800399c       0x1c ./Drivers/STM32F4xx_HAL_Driver/stm32f4xx_hal_cortex.o
                0x000000000800399c                HAL_NVIC_EnableIRQ
 .text.HAL_DMA_Init
                0x00000000080039b8      0x15c ./Drivers/STM32F4xx_HAL_Driver/stm32f4xx_hal_dma.o
                0x00000000080039b8                HAL_DMA_Init
 .text.HAL_DMA_Start_IT
                0x0000000008003b14       0xb0 ./Drivers/STM32F4xx_HAL_Driver/stm32f4xx_hal_dma.o
                0x0000000008003b14                HAL_DMA_Start_IT
 .text.HAL_DMA_IRQHandler
                0x0000000008003bc4      0x314 ./Drivers/STM32F4xx_HAL_Driver/stm32f4xx_hal_dma.o
                0x0000000008003bc4                HAL_DMA_IRQHandler
 .text.DMA_SetConfig
                0x0000000008003ed8       0x5c ./Drivers/STM32F4xx_HAL_Driver/stm32f4xx_hal_dma.o
 .text.DMA_CalcBaseAndBitshift
                0x0000000008003f34       0x6c ./Drivers/STM32F4xx_HAL_Driver/stm32f4xx_hal_dma.o
 .text.DMA_CheckFifoParam
                0x0000000008003fa0       0xf8 ./Drivers/STM32F4xx_HAL_Driver/stm32f4xx_hal_dma.o
 .text.HAL_GPIO_Init
                0x0000000008004098      0x338 ./Drivers/STM32F4xx_HAL_Driver/stm32f4xx_hal_gpio.o
                0x0000000008004098                HAL_GPIO_Init
 .text.HAL_GPIO_WritePin
                0x00000000080043d0       0x32 ./Drivers/STM32F4xx_HAL_Driver/stm32f4xx_hal_gpio.o
                0x00000000080043d0                HAL_GPIO_WritePin
 *fill*         0x0000000008004402        0x2 
 .text.HAL_GPIO_EXTI_IRQHandler
                0x0000000008004404       0x30 ./Drivers/STM32F4xx_HAL_Driver/stm32f4xx_hal_gpio.o
                0x0000000008004404                HAL_GPIO_EXTI_IRQHandler
 .text.HAL_GPIO_EXTI_Callback
                0x0000000008004434       0x16 ./Drivers/STM32F4xx_HAL_Driver/stm32f4xx_hal_gpio.o
                0x0000000008004434                HAL_GPIO_EXTI_Callback
 *fill*         0x000000000800444a        0x2 
 .text.HAL_I2C_Init
                0x000000000800444c      0x288 ./Drivers/STM32F4xx_HAL_Driver/stm32f4xx_hal_i2c.o
                0x000000000800444c                HAL_I2C_Init
 .text.HAL_RCC_OscConfig
                0x00000000080046d4      0x4f0 ./Drivers/STM32F4xx_HAL_Driver/stm32f4xx_hal_rcc.o
                0x00000000080046d4                HAL_RCC_OscConfig
 .text.HAL_RCC_ClockConfig
                0x0000000008004bc4      0x1cc ./Drivers/STM32F4xx_HAL_Driver/stm32f4xx_hal_rcc.o
                0x0000000008004bc4                HAL_RCC_ClockConfig
 .text.HAL_RCC_GetSysClockFreq
                0x0000000008004d90      0x20c ./Drivers/STM32F4xx_HAL_Driver/stm32f4xx_hal_rcc.o
                0x0000000008004d90                HAL_RCC_GetSysClockFreq
 .text.HAL_RCC_GetHCLKFreq
                0x0000000008004f9c       0x18 ./Drivers/STM32F4xx_HAL_Driver/stm32f4xx_hal_rcc.o
                0x0000000008004f9c                HAL_RCC_GetHCLKFreq
 .text.HAL_RCC_GetPCLK1Freq
                0x0000000008004fb4       0x28 ./Drivers/STM32F4xx_HAL_Driver/stm32f4xx_hal_rcc.o
                0x0000000008004fb4                HAL_RCC_GetPCLK1Freq
 .text.HAL_RCC_GetPCLK2Freq
                0x0000000008004fdc       0x28 ./Drivers/STM32F4xx_HAL_Driver/stm32f4xx_hal_rcc.o
                0x0000000008004fdc                HAL_RCC_GetPCLK2Freq
 .text.HAL_RCC_GetClockConfig
                0x0000000008005004       0x64 ./Drivers/STM32F4xx_HAL_Driver/stm32f4xx_hal_rcc.o
                0x0000000008005004                HAL_RCC_GetClockConfig
 .text.HAL_TIM_Base_Init
                0x0000000008005068       0x9e ./Drivers/STM32F4xx_HAL_Driver/stm32f4xx_hal_tim.o
                0x0000000008005068                HAL_TIM_Base_Init
 *fill*         0x0000000008005106        0x2 
 .text.HAL_TIM_Base_Start_IT
                0x0000000008005108       0xe0 ./Drivers/STM32F4xx_HAL_Driver/stm32f4xx_hal_tim.o
                0x0000000008005108                HAL_TIM_Base_Start_IT
 .text.HAL_TIM_PWM_Init
                0x00000000080051e8       0x9e ./Drivers/STM32F4xx_HAL_Driver/stm32f4xx_hal_tim.o
                0x00000000080051e8                HAL_TIM_PWM_Init
 *fill*         0x0000000008005286        0x2 
 .text.HAL_TIM_PWM_Start
                0x0000000008005288      0x190 ./Drivers/STM32F4xx_HAL_Driver/stm32f4xx_hal_tim.o
                0x0000000008005288                HAL_TIM_PWM_Start
 .text.HAL_TIM_Encoder_Init
                0x0000000008005418      0x14c ./Drivers/STM32F4xx_HAL_Driver/stm32f4xx_hal_tim.o
                0x0000000008005418                HAL_TIM_Encoder_Init
 .text.HAL_TIM_Encoder_Start
                0x0000000008005564      0x11c ./Drivers/STM32F4xx_HAL_Driver/stm32f4xx_hal_tim.o
                0x0000000008005564                HAL_TIM_Encoder_Start
 .text.HAL_TIM_IRQHandler
                0x0000000008005680      0x210 ./Drivers/STM32F4xx_HAL_Driver/stm32f4xx_hal_tim.o
                0x0000000008005680                HAL_TIM_IRQHandler
 .text.HAL_TIM_PWM_ConfigChannel
                0x0000000008005890      0x184 ./Drivers/STM32F4xx_HAL_Driver/stm32f4xx_hal_tim.o
                0x0000000008005890                HAL_TIM_PWM_ConfigChannel
 .text.HAL_TIM_OC_DelayElapsedCallback
                0x0000000008005a14       0x14 ./Drivers/STM32F4xx_HAL_Driver/stm32f4xx_hal_tim.o
                0x0000000008005a14                HAL_TIM_OC_DelayElapsedCallback
 .text.HAL_TIM_IC_CaptureCallback
                0x0000000008005a28       0x14 ./Drivers/STM32F4xx_HAL_Driver/stm32f4xx_hal_tim.o
                0x0000000008005a28                HAL_TIM_IC_CaptureCallback
 .text.HAL_TIM_PWM_PulseFinishedCallback
                0x0000000008005a3c       0x14 ./Drivers/STM32F4xx_HAL_Driver/stm32f4xx_hal_tim.o
                0x0000000008005a3c                HAL_TIM_PWM_PulseFinishedCallback
 .text.HAL_TIM_TriggerCallback
                0x0000000008005a50       0x14 ./Drivers/STM32F4xx_HAL_Driver/stm32f4xx_hal_tim.o
                0x0000000008005a50                HAL_TIM_TriggerCallback
 .text.TIM_Base_SetConfig
                0x0000000008005a64      0x140 ./Drivers/STM32F4xx_HAL_Driver/stm32f4xx_hal_tim.o
                0x0000000008005a64                TIM_Base_SetConfig
 .text.TIM_OC1_SetConfig
                0x0000000008005ba4       0xe0 ./Drivers/STM32F4xx_HAL_Driver/stm32f4xx_hal_tim.o
 .text.TIM_OC2_SetConfig
                0x0000000008005c84       0xec ./Drivers/STM32F4xx_HAL_Driver/stm32f4xx_hal_tim.o
                0x0000000008005c84                TIM_OC2_SetConfig
 .text.TIM_OC3_SetConfig
                0x0000000008005d70       0xe8 ./Drivers/STM32F4xx_HAL_Driver/stm32f4xx_hal_tim.o
 .text.TIM_OC4_SetConfig
                0x0000000008005e58       0xac ./Drivers/STM32F4xx_HAL_Driver/stm32f4xx_hal_tim.o
 .text.TIM_CCxChannelCmd
                0x0000000008005f04       0x4a ./Drivers/STM32F4xx_HAL_Driver/stm32f4xx_hal_tim.o
                0x0000000008005f04                TIM_CCxChannelCmd
 *fill*         0x0000000008005f4e        0x2 
 .text.HAL_TIMEx_MasterConfigSynchronization
                0x0000000008005f50       0xf8 ./Drivers/STM32F4xx_HAL_Driver/stm32f4xx_hal_tim_ex.o
                0x0000000008005f50                HAL_TIMEx_MasterConfigSynchronization
 .text.HAL_TIMEx_CommutCallback
                0x0000000008006048       0x14 ./Drivers/STM32F4xx_HAL_Driver/stm32f4xx_hal_tim_ex.o
                0x0000000008006048                HAL_TIMEx_CommutCallback
 .text.HAL_TIMEx_BreakCallback
                0x000000000800605c       0x14 ./Drivers/STM32F4xx_HAL_Driver/stm32f4xx_hal_tim_ex.o
                0x000000000800605c                HAL_TIMEx_BreakCallback
 .text.HAL_UART_Init
                0x0000000008006070       0x9a ./Drivers/STM32F4xx_HAL_Driver/stm32f4xx_hal_uart.o
                0x0000000008006070                HAL_UART_Init
 .text.HAL_UART_Receive_DMA
                0x000000000800610a       0x60 ./Drivers/STM32F4xx_HAL_Driver/stm32f4xx_hal_uart.o
                0x000000000800610a                HAL_UART_Receive_DMA
 .text.HAL_UART_RxCpltCallback
                0x000000000800616a       0x14 ./Drivers/STM32F4xx_HAL_Driver/stm32f4xx_hal_uart.o
                0x000000000800616a                HAL_UART_RxCpltCallback
 .text.HAL_UART_RxHalfCpltCallback
                0x000000000800617e       0x14 ./Drivers/STM32F4xx_HAL_Driver/stm32f4xx_hal_uart.o
                0x000000000800617e                HAL_UART_RxHalfCpltCallback
 .text.HAL_UART_ErrorCallback
                0x0000000008006192       0x14 ./Drivers/STM32F4xx_HAL_Driver/stm32f4xx_hal_uart.o
                0x0000000008006192                HAL_UART_ErrorCallback
 .text.HAL_UARTEx_RxEventCallback
                0x00000000080061a6       0x18 ./Drivers/STM32F4xx_HAL_Driver/stm32f4xx_hal_uart.o
                0x00000000080061a6                HAL_UARTEx_RxEventCallback
 .text.UART_DMAReceiveCplt
                0x00000000080061be      0x126 ./Drivers/STM32F4xx_HAL_Driver/stm32f4xx_hal_uart.o
 .text.UART_DMARxHalfCplt
                0x00000000080062e4       0x36 ./Drivers/STM32F4xx_HAL_Driver/stm32f4xx_hal_uart.o
 .text.UART_DMAError
                0x000000000800631a       0x94 ./Drivers/STM32F4xx_HAL_Driver/stm32f4xx_hal_uart.o
 *fill*         0x00000000080063ae        0x2 
 .text.UART_Start_Receive_DMA
                0x00000000080063b0      0x13c ./Drivers/STM32F4xx_HAL_Driver/stm32f4xx_hal_uart.o
                0x00000000080063b0                UART_Start_Receive_DMA
 .text.UART_EndTxTransfer
                0x00000000080064ec       0x50 ./Drivers/STM32F4xx_HAL_Driver/stm32f4xx_hal_uart.o
 .text.UART_EndRxTransfer
                0x000000000800653c       0xc6 ./Drivers/STM32F4xx_HAL_Driver/stm32f4xx_hal_uart.o
 *fill*         0x0000000008006602        0x2 
 .text.UART_SetConfig
                0x0000000008006604      0x4e8 ./Drivers/STM32F4xx_HAL_Driver/stm32f4xx_hal_uart.o
 .text.__NVIC_SetPriority
                0x0000000008006aec       0x54 ./Middlewares/FreeRTOS/cmsis_os2.o
 .text.SysTick_Handler
                0x0000000008006b40       0x20 ./Middlewares/FreeRTOS/cmsis_os2.o
                0x0000000008006b40                SysTick_Handler
 .text.SVC_Setup
                0x0000000008006b60       0x12 ./Middlewares/FreeRTOS/cmsis_os2.o
 *fill*         0x0000000008006b72        0x2 
 .text.osKernelInitialize
                0x0000000008006b74       0x48 ./Middlewares/FreeRTOS/cmsis_os2.o
                0x0000000008006b74                osKernelInitialize
 .text.osKernelStart
                0x0000000008006bbc       0x4c ./Middlewares/FreeRTOS/cmsis_os2.o
                0x0000000008006bbc                osKernelStart
 .text.osThreadNew
                0x0000000008006c08      0x124 ./Middlewares/FreeRTOS/cmsis_os2.o
                0x0000000008006c08                osThreadNew
 .text.osDelay  0x0000000008006d2c       0x36 ./Middlewares/FreeRTOS/cmsis_os2.o
                0x0000000008006d2c                osDelay
 *fill*         0x0000000008006d62        0x2 
 .text.vApplicationGetIdleTaskMemory
                0x0000000008006d64       0x34 ./Middlewares/FreeRTOS/cmsis_os2.o
                0x0000000008006d64                vApplicationGetIdleTaskMemory
 .text.vApplicationGetTimerTaskMemory
                0x0000000008006d98       0x34 ./Middlewares/FreeRTOS/cmsis_os2.o
                0x0000000008006d98                vApplicationGetTimerTaskMemory
 .text.pvPortMalloc
                0x0000000008006dcc      0x198 ./Middlewares/FreeRTOS/heap_4.o
                0x0000000008006dcc                pvPortMalloc
 .text.vPortFree
                0x0000000008006f64       0xc4 ./Middlewares/FreeRTOS/heap_4.o
                0x0000000008006f64                vPortFree
 .text.prvHeapInit
                0x0000000008007028       0xc4 ./Middlewares/FreeRTOS/heap_4.o
 .text.prvInsertBlockIntoFreeList
                0x00000000080070ec       0xb4 ./Middlewares/FreeRTOS/heap_4.o
 .text.vListInitialise
                0x00000000080071a0       0x40 ./Middlewares/FreeRTOS/list.o
                0x00000000080071a0                vListInitialise
 .text.vListInitialiseItem
                0x00000000080071e0       0x1a ./Middlewares/FreeRTOS/list.o
                0x00000000080071e0                vListInitialiseItem
 .text.vListInsertEnd
                0x00000000080071fa       0x48 ./Middlewares/FreeRTOS/list.o
                0x00000000080071fa                vListInsertEnd
 .text.vListInsert
                0x0000000008007242       0x72 ./Middlewares/FreeRTOS/list.o
                0x0000000008007242                vListInsert
 .text.uxListRemove
                0x00000000080072b4       0x54 ./Middlewares/FreeRTOS/list.o
                0x00000000080072b4                uxListRemove
 .text.pxPortInitialiseStack
                0x0000000008007308       0x68 ./Middlewares/FreeRTOS/port.o
                0x0000000008007308                pxPortInitialiseStack
 .text.prvTaskExitError
                0x0000000008007370       0x58 ./Middlewares/FreeRTOS/port.o
 *fill*         0x00000000080073c8        0x8 
 .text.SVC_Handler
                0x00000000080073d0       0x28 ./Middlewares/FreeRTOS/port.o
                0x00000000080073d0                SVC_Handler
 .text.prvPortStartFirstTask
                0x00000000080073f8       0x28 ./Middlewares/FreeRTOS/port.o
 .text.xPortStartScheduler
                0x0000000008007420      0x144 ./Middlewares/FreeRTOS/port.o
                0x0000000008007420                xPortStartScheduler
 .text.vPortEnterCritical
                0x0000000008007564       0x60 ./Middlewares/FreeRTOS/port.o
                0x0000000008007564                vPortEnterCritical
 .text.vPortExitCritical
                0x00000000080075c4       0x54 ./Middlewares/FreeRTOS/port.o
                0x00000000080075c4                vPortExitCritical
 *fill*         0x0000000008007618        0x8 
 .text.PendSV_Handler
                0x0000000008007620       0x68 ./Middlewares/FreeRTOS/port.o
                0x0000000008007620                PendSV_Handler
 .text.xPortSysTickHandler
                0x0000000008007688       0x44 ./Middlewares/FreeRTOS/port.o
                0x0000000008007688                xPortSysTickHandler
 .text.vPortSetupTimerInterrupt
                0x00000000080076cc       0x48 ./Middlewares/FreeRTOS/port.o
                0x00000000080076cc                vPortSetupTimerInterrupt
 .text.vPortEnableVFP
                0x0000000008007714       0x14 ./Middlewares/FreeRTOS/port.o
 .text.vPortValidateInterruptPriority
                0x0000000008007728       0x80 ./Middlewares/FreeRTOS/port.o
                0x0000000008007728                vPortValidateInterruptPriority
 .text.xQueueGenericReset
                0x00000000080077a8       0xd0 ./Middlewares/FreeRTOS/queue.o
                0x00000000080077a8                xQueueGenericReset
 .text.xQueueGenericCreateStatic
                0x0000000008007878       0xf0 ./Middlewares/FreeRTOS/queue.o
                0x0000000008007878                xQueueGenericCreateStatic
 .text.prvInitialiseNewQueue
                0x0000000008007968       0x46 ./Middlewares/FreeRTOS/queue.o
 *fill*         0x00000000080079ae        0x2 
 .text.xQueueGenericSend
                0x00000000080079b0      0x1fc ./Middlewares/FreeRTOS/queue.o
                0x00000000080079b0                xQueueGenericSend
 .text.xQueueGenericSendFromISR
                0x0000000008007bac      0x136 ./Middlewares/FreeRTOS/queue.o
                0x0000000008007bac                xQueueGenericSendFromISR
 *fill*         0x0000000008007ce2        0x2 
 .text.xQueueReceive
                0x0000000008007ce4      0x1c0 ./Middlewares/FreeRTOS/queue.o
                0x0000000008007ce4                xQueueReceive
 .text.prvCopyDataToQueue
                0x0000000008007ea4       0xd4 ./Middlewares/FreeRTOS/queue.o
 .text.prvCopyDataFromQueue
                0x0000000008007f78       0x4c ./Middlewares/FreeRTOS/queue.o
 .text.prvUnlockQueue
                0x0000000008007fc4       0xa4 ./Middlewares/FreeRTOS/queue.o
 .text.prvIsQueueEmpty
                0x0000000008008068       0x2c ./Middlewares/FreeRTOS/queue.o
 .text.prvIsQueueFull
                0x0000000008008094       0x30 ./Middlewares/FreeRTOS/queue.o
 .text.vQueueAddToRegistry
                0x00000000080080c4       0x54 ./Middlewares/FreeRTOS/queue.o
                0x00000000080080c4                vQueueAddToRegistry
 .text.vQueueWaitForMessageRestricted
                0x0000000008008118       0x68 ./Middlewares/FreeRTOS/queue.o
                0x0000000008008118                vQueueWaitForMessageRestricted
 .text.xTaskCreateStatic
                0x0000000008008180       0xba ./Middlewares/FreeRTOS/tasks.o
                0x0000000008008180                xTaskCreateStatic
 .text.xTaskCreate
                0x000000000800823a       0x8a ./Middlewares/FreeRTOS/tasks.o
                0x000000000800823a                xTaskCreate
 .text.prvInitialiseNewTask
                0x00000000080082c4      0x14c ./Middlewares/FreeRTOS/tasks.o
 .text.prvAddNewTaskToReadyList
                0x0000000008008410       0xe0 ./Middlewares/FreeRTOS/tasks.o
 .text.vTaskDelay
                0x00000000080084f0       0x68 ./Middlewares/FreeRTOS/tasks.o
                0x00000000080084f0                vTaskDelay
 .text.vTaskStartScheduler
                0x0000000008008558       0xe0 ./Middlewares/FreeRTOS/tasks.o
                0x0000000008008558                vTaskStartScheduler
 .text.vTaskSuspendAll
                0x0000000008008638       0x1c ./Middlewares/FreeRTOS/tasks.o
                0x0000000008008638                vTaskSuspendAll
 .text.xTaskResumeAll
                0x0000000008008654      0x13c ./Middlewares/FreeRTOS/tasks.o
                0x0000000008008654                xTaskResumeAll
 .text.xTaskGetTickCount
                0x0000000008008790       0x20 ./Middlewares/FreeRTOS/tasks.o
                0x0000000008008790                xTaskGetTickCount
 .text.xTaskIncrementTick
                0x00000000080087b0      0x174 ./Middlewares/FreeRTOS/tasks.o
                0x00000000080087b0                xTaskIncrementTick
 .text.vTaskSwitchContext
                0x0000000008008924       0xc8 ./Middlewares/FreeRTOS/tasks.o
                0x0000000008008924                vTaskSwitchContext
 .text.vTaskPlaceOnEventList
                0x00000000080089ec       0x48 ./Middlewares/FreeRTOS/tasks.o
                0x00000000080089ec                vTaskPlaceOnEventList
 .text.vTaskPlaceOnEventListRestricted
                0x0000000008008a34       0x58 ./Middlewares/FreeRTOS/tasks.o
                0x0000000008008a34                vTaskPlaceOnEventListRestricted
 .text.xTaskRemoveFromEventList
                0x0000000008008a8c       0xc8 ./Middlewares/FreeRTOS/tasks.o
                0x0000000008008a8c                xTaskRemoveFromEventList
 .text.vTaskInternalSetTimeOutState
                0x0000000008008b54       0x2c ./Middlewares/FreeRTOS/tasks.o
                0x0000000008008b54                vTaskInternalSetTimeOutState
 .text.xTaskCheckForTimeOut
                0x0000000008008b80       0xc4 ./Middlewares/FreeRTOS/tasks.o
                0x0000000008008b80                xTaskCheckForTimeOut
 .text.vTaskMissedYield
                0x0000000008008c44       0x18 ./Middlewares/FreeRTOS/tasks.o
                0x0000000008008c44                vTaskMissedYield
 .text.prvIdleTask
                0x0000000008008c5c       0x30 ./Middlewares/FreeRTOS/tasks.o
 .text.prvInitialiseTaskLists
                0x0000000008008c8c       0x80 ./Middlewares/FreeRTOS/tasks.o
 .text.prvCheckTasksWaitingTermination
                0x0000000008008d0c       0x5c ./Middlewares/FreeRTOS/tasks.o
 .text.prvDeleteTCB
                0x0000000008008d68       0x68 ./Middlewares/FreeRTOS/tasks.o
 .text.prvResetNextTaskUnblockTime
                0x0000000008008dd0       0x40 ./Middlewares/FreeRTOS/tasks.o
 .text.xTaskGetSchedulerState
                0x0000000008008e10       0x3c ./Middlewares/FreeRTOS/tasks.o
                0x0000000008008e10                xTaskGetSchedulerState
 .text.xTaskPriorityDisinherit
                0x0000000008008e4c       0xdc ./Middlewares/FreeRTOS/tasks.o
                0x0000000008008e4c                xTaskPriorityDisinherit
 .text.ulTaskNotifyTake
                0x0000000008008f28       0x98 ./Middlewares/FreeRTOS/tasks.o
                0x0000000008008f28                ulTaskNotifyTake
 .text.xTaskGenericNotify
                0x0000000008008fc0      0x17c ./Middlewares/FreeRTOS/tasks.o
                0x0000000008008fc0                xTaskGenericNotify
 .text.prvAddCurrentTaskToDelayedList
                0x000000000800913c       0xa8 ./Middlewares/FreeRTOS/tasks.o
 .text.xTimerCreateTimerTask
                0x00000000080091e4       0x90 ./Middlewares/FreeRTOS/timers.o
                0x00000000080091e4                xTimerCreateTimerTask
 .text.xTimerGenericCommand
                0x0000000008009274       0x9c ./Middlewares/FreeRTOS/timers.o
                0x0000000008009274                xTimerGenericCommand
 .text.prvProcessExpiredTimer
                0x0000000008009310       0x98 ./Middlewares/FreeRTOS/timers.o
 .text.prvTimerTask
                0x00000000080093a8       0x24 ./Middlewares/FreeRTOS/timers.o
 .text.prvProcessTimerOrBlockTask
                0x00000000080093cc       0x9c ./Middlewares/FreeRTOS/timers.o
 .text.prvGetNextExpireTime
                0x0000000008009468       0x48 ./Middlewares/FreeRTOS/timers.o
 .text.prvSampleTimeNow
                0x00000000080094b0       0x40 ./Middlewares/FreeRTOS/timers.o
 .text.prvInsertTimerInActiveList
                0x00000000080094f0       0x84 ./Middlewares/FreeRTOS/timers.o
 .text.prvProcessReceivedCommands
                0x0000000008009574      0x1c4 ./Middlewares/FreeRTOS/timers.o
 .text.prvSwitchTimerLists
                0x0000000008009738       0xc8 ./Middlewares/FreeRTOS/timers.o
 .text.prvCheckForValidListAndQueue
                0x0000000008009800       0x80 ./Middlewares/FreeRTOS/timers.o
 .text.__libc_init_array
                0x0000000008009880       0x48 c:/st/stm32cubeide_1.9.0/stm32cubeide/plugins/com.st.stm32cube.ide.mcu.externaltools.gnu-tools-for-stm32.10.3-2021.10.win32_1.0.0.202111181127/tools/bin/../lib/gcc/arm-none-eabi/10.3.1/../../../../arm-none-eabi/lib/thumb/v7e-m+fp/hard\libc_nano.a(lib_a-init.o)
                0x0000000008009880                __libc_init_array
 .text.__retarget_lock_acquire_recursive
                0x00000000080098c8        0x2 c:/st/stm32cubeide_1.9.0/stm32cubeide/plugins/com.st.stm32cube.ide.mcu.externaltools.gnu-tools-for-stm32.10.3-2021.10.win32_1.0.0.202111181127/tools/bin/../lib/gcc/arm-none-eabi/10.3.1/../../../../arm-none-eabi/lib/thumb/v7e-m+fp/hard\libc_nano.a(lib_a-lock.o)
                0x00000000080098c8                __retarget_lock_acquire_recursive
 .text.__retarget_lock_release_recursive
                0x00000000080098ca        0x2 c:/st/stm32cubeide_1.9.0/stm32cubeide/plugins/com.st.stm32cube.ide.mcu.externaltools.gnu-tools-for-stm32.10.3-2021.10.win32_1.0.0.202111181127/tools/bin/../lib/gcc/arm-none-eabi/10.3.1/../../../../arm-none-eabi/lib/thumb/v7e-m+fp/hard\libc_nano.a(lib_a-lock.o)
                0x00000000080098ca                __retarget_lock_release_recursive
 .text.memcpy   0x00000000080098cc       0x1c c:/st/stm32cubeide_1.9.0/stm32cubeide/plugins/com.st.stm32cube.ide.mcu.externaltools.gnu-tools-for-stm32.10.3-2021.10.win32_1.0.0.202111181127/tools/bin/../lib/gcc/arm-none-eabi/10.3.1/../../../../arm-none-eabi/lib/thumb/v7e-m+fp/hard\libc_nano.a(lib_a-memcpy-stub.o)
                0x00000000080098cc                memcpy
 .text.memset   0x00000000080098e8       0x10 c:/st/stm32cubeide_1.9.0/stm32cubeide/plugins/com.st.stm32cube.ide.mcu.externaltools.gnu-tools-for-stm32.10.3-2021.10.win32_1.0.0.202111181127/tools/bin/../lib/gcc/arm-none-eabi/10.3.1/../../../../arm-none-eabi/lib/thumb/v7e-m+fp/hard\libc_nano.a(lib_a-memset.o)
                0x00000000080098e8                memset
 .text.cleanup_glue
                0x00000000080098f8       0x1a c:/st/stm32cubeide_1.9.0/stm32cubeide/plugins/com.st.stm32cube.ide.mcu.externaltools.gnu-tools-for-stm32.10.3-2021.10.win32_1.0.0.202111181127/tools/bin/../lib/gcc/arm-none-eabi/10.3.1/../../../../arm-none-eabi/lib/thumb/v7e-m+fp/hard\libc_nano.a(lib_a-reent.o)
                0x00000000080098f8                cleanup_glue
 *fill*         0x0000000008009912        0x2 
 .text._reclaim_reent
                0x0000000008009914       0xb8 c:/st/stm32cubeide_1.9.0/stm32cubeide/plugins/com.st.stm32cube.ide.mcu.externaltools.gnu-tools-for-stm32.10.3-2021.10.win32_1.0.0.202111181127/tools/bin/../lib/gcc/arm-none-eabi/10.3.1/../../../../arm-none-eabi/lib/thumb/v7e-m+fp/hard\libc_nano.a(lib_a-reent.o)
                0x0000000008009914                _reclaim_reent
 .text.__malloc_lock
                0x00000000080099cc        0xc c:/st/stm32cubeide_1.9.0/stm32cubeide/plugins/com.st.stm32cube.ide.mcu.externaltools.gnu-tools-for-stm32.10.3-2021.10.win32_1.0.0.202111181127/tools/bin/../lib/gcc/arm-none-eabi/10.3.1/../../../../arm-none-eabi/lib/thumb/v7e-m+fp/hard\libc_nano.a(lib_a-mlock.o)
                0x00000000080099cc                __malloc_lock
 .text.__malloc_unlock
                0x00000000080099d8        0xc c:/st/stm32cubeide_1.9.0/stm32cubeide/plugins/com.st.stm32cube.ide.mcu.externaltools.gnu-tools-for-stm32.10.3-2021.10.win32_1.0.0.202111181127/tools/bin/../lib/gcc/arm-none-eabi/10.3.1/../../../../arm-none-eabi/lib/thumb/v7e-m+fp/hard\libc_nano.a(lib_a-mlock.o)
                0x00000000080099d8                __malloc_unlock
 .text._free_r  0x00000000080099e4       0x98 c:/st/stm32cubeide_1.9.0/stm32cubeide/plugins/com.st.stm32cube.ide.mcu.externaltools.gnu-tools-for-stm32.10.3-2021.10.win32_1.0.0.202111181127/tools/bin/../lib/gcc/arm-none-eabi/10.3.1/../../../../arm-none-eabi/lib/thumb/v7e-m+fp/hard\libc_nano.a(lib_a-nano-freer.o)
                0x00000000080099e4                _free_r
 *(.glue_7)
 .glue_7        0x0000000008009a7c        0x0 linker stubs
 *(.glue_7t)
 .glue_7t       0x0000000008009a7c        0x0 linker stubs
 *(.eh_frame)
 .eh_frame      0x0000000008009a7c        0x0 c:/st/stm32cubeide_1.9.0/stm32cubeide/plugins/com.st.stm32cube.ide.mcu.externaltools.gnu-tools-for-stm32.10.3-2021.10.win32_1.0.0.202111181127/tools/bin/../lib/gcc/arm-none-eabi/10.3.1/thumb/v7e-m+fp/hard/crtbegin.o
 *(.init)
 .init          0x0000000008009a7c        0x4 c:/st/stm32cubeide_1.9.0/stm32cubeide/plugins/com.st.stm32cube.ide.mcu.externaltools.gnu-tools-for-stm32.10.3-2021.10.win32_1.0.0.202111181127/tools/bin/../lib/gcc/arm-none-eabi/10.3.1/thumb/v7e-m+fp/hard/crti.o
                0x0000000008009a7c                _init
 .init          0x0000000008009a80        0x8 c:/st/stm32cubeide_1.9.0/stm32cubeide/plugins/com.st.stm32cube.ide.mcu.externaltools.gnu-tools-for-stm32.10.3-2021.10.win32_1.0.0.202111181127/tools/bin/../lib/gcc/arm-none-eabi/10.3.1/thumb/v7e-m+fp/hard/crtn.o
 *(.fini)
 .fini          0x0000000008009a88        0x4 c:/st/stm32cubeide_1.9.0/stm32cubeide/plugins/com.st.stm32cube.ide.mcu.externaltools.gnu-tools-for-stm32.10.3-2021.10.win32_1.0.0.202111181127/tools/bin/../lib/gcc/arm-none-eabi/10.3.1/thumb/v7e-m+fp/hard/crti.o
                0x0000000008009a88                _fini
 .fini          0x0000000008009a8c        0x8 c:/st/stm32cubeide_1.9.0/stm32cubeide/plugins/com.st.stm32cube.ide.mcu.externaltools.gnu-tools-for-stm32.10.3-2021.10.win32_1.0.0.202111181127/tools/bin/../lib/gcc/arm-none-eabi/10.3.1/thumb/v7e-m+fp/hard/crtn.o
                0x0000000008009a94                . = ALIGN (0x4)
                0x0000000008009a94                _etext = .

.vfp11_veneer   0x0000000008009a94        0x0
 .vfp11_veneer  0x0000000008009a94        0x0 linker stubs

.v4_bx          0x0000000008009a94        0x0
 .v4_bx         0x0000000008009a94        0x0 linker stubs

.iplt           0x0000000008009a94        0x0
 .iplt          0x0000000008009a94        0x0 c:/st/stm32cubeide_1.9.0/stm32cubeide/plugins/com.st.stm32cube.ide.mcu.externaltools.gnu-tools-for-stm32.10.3-2021.10.win32_1.0.0.202111181127/tools/bin/../lib/gcc/arm-none-eabi/10.3.1/thumb/v7e-m+fp/hard/crtbegin.o

.rodata         0x0000000008009a94       0xf4
                0x0000000008009a94                . = ALIGN (0x4)
 *(.rodata)
 .rodata        0x0000000008009a94       0x13 ./Application/User/Core/freertos.o
 *fill*         0x0000000008009aa7        0x1 
 .rodata        0x0000000008009aa8        0x5 ./Middlewares/FreeRTOS/tasks.o
 *fill*         0x0000000008009aad        0x3 
 .rodata        0x0000000008009ab0        0xd ./Middlewares/FreeRTOS/timers.o
 *(.rodata*)
 *fill*         0x0000000008009abd        0x3 
 .rodata.startTask_attributes
                0x0000000008009ac0       0x24 ./Application/User/Core/freertos.o
                0x0000000008009ac0                startTask_attributes
 .rodata.Modbus_attributes
                0x0000000008009ae4       0x24 ./Application/User/Core/freertos.o
                0x0000000008009ae4                Modbus_attributes
 .rodata.AHBPrescTable
                0x0000000008009b08       0x10 ./Drivers/CMSIS/system_stm32f4xx.o
                0x0000000008009b08                AHBPrescTable
 .rodata.APBPrescTable
                0x0000000008009b18        0x8 ./Drivers/CMSIS/system_stm32f4xx.o
                0x0000000008009b18                APBPrescTable
 .rodata.flagBitshiftOffset.0
                0x0000000008009b20        0x8 ./Drivers/STM32F4xx_HAL_Driver/stm32f4xx_hal_dma.o
 .rodata.__sf_fake_stderr
                0x0000000008009b28       0x20 c:/st/stm32cubeide_1.9.0/stm32cubeide/plugins/com.st.stm32cube.ide.mcu.externaltools.gnu-tools-for-stm32.10.3-2021.10.win32_1.0.0.202111181127/tools/bin/../lib/gcc/arm-none-eabi/10.3.1/../../../../arm-none-eabi/lib/thumb/v7e-m+fp/hard\libc_nano.a(lib_a-findfp.o)
                0x0000000008009b28                __sf_fake_stderr
 .rodata.__sf_fake_stdin
                0x0000000008009b48       0x20 c:/st/stm32cubeide_1.9.0/stm32cubeide/plugins/com.st.stm32cube.ide.mcu.externaltools.gnu-tools-for-stm32.10.3-2021.10.win32_1.0.0.202111181127/tools/bin/../lib/gcc/arm-none-eabi/10.3.1/../../../../arm-none-eabi/lib/thumb/v7e-m+fp/hard\libc_nano.a(lib_a-findfp.o)
                0x0000000008009b48                __sf_fake_stdin
 .rodata.__sf_fake_stdout
                0x0000000008009b68       0x20 c:/st/stm32cubeide_1.9.0/stm32cubeide/plugins/com.st.stm32cube.ide.mcu.externaltools.gnu-tools-for-stm32.10.3-2021.10.win32_1.0.0.202111181127/tools/bin/../lib/gcc/arm-none-eabi/10.3.1/../../../../arm-none-eabi/lib/thumb/v7e-m+fp/hard\libc_nano.a(lib_a-findfp.o)
                0x0000000008009b68                __sf_fake_stdout
                0x0000000008009b88                . = ALIGN (0x4)

.ARM.extab      0x0000000008009b88        0x0
                0x0000000008009b88                . = ALIGN (0x4)
 *(.ARM.extab* .gnu.linkonce.armextab.*)
                0x0000000008009b88                . = ALIGN (0x4)

.ARM            0x0000000008009b88        0x8
                0x0000000008009b88                . = ALIGN (0x4)
                0x0000000008009b88                __exidx_start = .
 *(.ARM.exidx*)
 .ARM.exidx     0x0000000008009b88        0x8 c:/st/stm32cubeide_1.9.0/stm32cubeide/plugins/com.st.stm32cube.ide.mcu.externaltools.gnu-tools-for-stm32.10.3-2021.10.win32_1.0.0.202111181127/tools/bin/../lib/gcc/arm-none-eabi/10.3.1/thumb/v7e-m+fp/hard\libgcc.a(_udivmoddi4.o)
                0x0000000008009b90                __exidx_end = .
                0x0000000008009b90                . = ALIGN (0x4)

.rel.dyn        0x0000000008009b90        0x0
 .rel.iplt      0x0000000008009b90        0x0 c:/st/stm32cubeide_1.9.0/stm32cubeide/plugins/com.st.stm32cube.ide.mcu.externaltools.gnu-tools-for-stm32.10.3-2021.10.win32_1.0.0.202111181127/tools/bin/../lib/gcc/arm-none-eabi/10.3.1/thumb/v7e-m+fp/hard/crtbegin.o

.preinit_array  0x0000000008009b90        0x0
                0x0000000008009b90                . = ALIGN (0x4)
                0x0000000008009b90                PROVIDE (__preinit_array_start = .)
 *(.preinit_array*)
                0x0000000008009b90                PROVIDE (__preinit_array_end = .)
                0x0000000008009b90                . = ALIGN (0x4)

.init_array     0x0000000008009b90        0x4
                0x0000000008009b90                . = ALIGN (0x4)
                0x0000000008009b90                PROVIDE (__init_array_start = .)
 *(SORT_BY_NAME(.init_array.*))
 *(.init_array*)
 .init_array    0x0000000008009b90        0x4 c:/st/stm32cubeide_1.9.0/stm32cubeide/plugins/com.st.stm32cube.ide.mcu.externaltools.gnu-tools-for-stm32.10.3-2021.10.win32_1.0.0.202111181127/tools/bin/../lib/gcc/arm-none-eabi/10.3.1/thumb/v7e-m+fp/hard/crtbegin.o
                0x0000000008009b94                PROVIDE (__init_array_end = .)
                0x0000000008009b94                . = ALIGN (0x4)

.fini_array     0x0000000008009b94        0x4
                0x0000000008009b94                . = ALIGN (0x4)
                [!provide]                        PROVIDE (__fini_array_start = .)
 *(SORT_BY_NAME(.fini_array.*))
 *(.fini_array*)
 .fini_array    0x0000000008009b94        0x4 c:/st/stm32cubeide_1.9.0/stm32cubeide/plugins/com.st.stm32cube.ide.mcu.externaltools.gnu-tools-for-stm32.10.3-2021.10.win32_1.0.0.202111181127/tools/bin/../lib/gcc/arm-none-eabi/10.3.1/thumb/v7e-m+fp/hard/crtbegin.o
                [!provide]                        PROVIDE (__fini_array_end = .)
                0x0000000008009b98                . = ALIGN (0x4)
                0x0000000008009b98                _sidata = LOADADDR (.data)

.data           0x0000000020000000      0x274 load address 0x0000000008009b98
                0x0000000020000000                . = ALIGN (0x4)
                0x0000000020000000                _sdata = .
 *(.data)
 *(.data*)
 .data.CRCHi    0x0000000020000000      0x100 ./Application/User/Core/freertos.o
 .data.CRCLo    0x0000000020000100      0x100 ./Application/User/Core/freertos.o
 .data.SystemCoreClock
                0x0000000020000200        0x4 ./Drivers/CMSIS/system_stm32f4xx.o
                0x0000000020000200                SystemCoreClock
 .data.uwTickPrio
                0x0000000020000204        0x4 ./Drivers/STM32F4xx_HAL_Driver/stm32f4xx_hal.o
                0x0000000020000204                uwTickPrio
 .data.uwTickFreq
                0x0000000020000208        0x1 ./Drivers/STM32F4xx_HAL_Driver/stm32f4xx_hal.o
                0x0000000020000208                uwTickFreq
 *fill*         0x0000000020000209        0x3 
 .data.uxCriticalNesting
                0x000000002000020c        0x4 ./Middlewares/FreeRTOS/port.o
 .data._impure_ptr
                0x0000000020000210        0x4 c:/st/stm32cubeide_1.9.0/stm32cubeide/plugins/com.st.stm32cube.ide.mcu.externaltools.gnu-tools-for-stm32.10.3-2021.10.win32_1.0.0.202111181127/tools/bin/../lib/gcc/arm-none-eabi/10.3.1/../../../../arm-none-eabi/lib/thumb/v7e-m+fp/hard\libc_nano.a(lib_a-impure.o)
                0x0000000020000210                _impure_ptr
 .data.impure_data
                0x0000000020000214       0x60 c:/st/stm32cubeide_1.9.0/stm32cubeide/plugins/com.st.stm32cube.ide.mcu.externaltools.gnu-tools-for-stm32.10.3-2021.10.win32_1.0.0.202111181127/tools/bin/../lib/gcc/arm-none-eabi/10.3.1/../../../../arm-none-eabi/lib/thumb/v7e-m+fp/hard\libc_nano.a(lib_a-impure.o)
 *(.RamFunc)
 *(.RamFunc*)
                0x0000000020000274                . = ALIGN (0x4)
                0x0000000020000274                _edata = .
                0x0000000008009e0c                _siccmram = LOADADDR (.ccmram)

.igot.plt       0x0000000020000274        0x0 load address 0x0000000008009e0c
 .igot.plt      0x0000000020000274        0x0 c:/st/stm32cubeide_1.9.0/stm32cubeide/plugins/com.st.stm32cube.ide.mcu.externaltools.gnu-tools-for-stm32.10.3-2021.10.win32_1.0.0.202111181127/tools/bin/../lib/gcc/arm-none-eabi/10.3.1/thumb/v7e-m+fp/hard/crtbegin.o

.ccmram         0x0000000010000000        0x0 load address 0x0000000008009e0c
                0x0000000010000000                . = ALIGN (0x4)
                0x0000000010000000                _sccmram = .
 *(.ccmram)
 *(.ccmram*)
                0x0000000010000000                . = ALIGN (0x4)
                0x0000000010000000                _eccmram = .
                0x0000000010000000                . = ALIGN (0x4)

.bss            0x0000000020000274     0x560c
                0x0000000020000274                _sbss = .
                0x0000000020000274                __bss_start__ = _sbss
 *(.bss)
 .bss           0x0000000020000274       0x1c c:/st/stm32cubeide_1.9.0/stm32cubeide/plugins/com.st.stm32cube.ide.mcu.externaltools.gnu-tools-for-stm32.10.3-2021.10.win32_1.0.0.202111181127/tools/bin/../lib/gcc/arm-none-eabi/10.3.1/thumb/v7e-m+fp/hard/crtbegin.o
 *(.bss*)
 .bss.hadc1     0x0000000020000290       0x48 ./Application/User/Core/adc.o
                0x0000000020000290                hadc1
 .bss.hdma_adc1
                0x00000000200002d8       0x60 ./Application/User/Core/adc.o
                0x00000000200002d8                hdma_adc1
 .bss.robot     0x0000000020000338       0x24 ./Application/User/Core/freertos.o
 .bss.sync      0x000000002000035c        0x1 ./Application/User/Core/freertos.o
                0x000000002000035c                sync
 *fill*         0x000000002000035d        0x3 
 .bss.startTaskHandle
                0x0000000020000360        0x4 ./Application/User/Core/freertos.o
                0x0000000020000360                startTaskHandle
 .bss.startTaskBuffer
                0x0000000020000364      0x200 ./Application/User/Core/freertos.o
                0x0000000020000364                startTaskBuffer
 .bss.startTaskControlBlock
                0x0000000020000564       0xbc ./Application/User/Core/freertos.o
                0x0000000020000564                startTaskControlBlock
 .bss.ModbusHandle
                0x0000000020000620        0x4 ./Application/User/Core/freertos.o
                0x0000000020000620                ModbusHandle
 .bss.ModbusBuffer
                0x0000000020000624      0x200 ./Application/User/Core/freertos.o
                0x0000000020000624                ModbusBuffer
 .bss.ModbusControlBlock
                0x0000000020000824       0xbc ./Application/User/Core/freertos.o
                0x0000000020000824                ModbusControlBlock
 .bss.hi2c2     0x00000000200008e0       0x54 ./Application/User/Core/i2c.o
                0x00000000200008e0                hi2c2
 .bss.PID       0x0000000020000934       0xd0 ./Application/User/Core/main.o
                0x0000000020000934                PID
 .bss.htim1     0x0000000020000a04       0x48 ./Application/User/Core/stm32f4xx_hal_timebase_tim.o
                0x0000000020000a04                htim1
 .bss.htim2     0x0000000020000a4c       0x48 ./Application/User/Core/tim.o
                0x0000000020000a4c                htim2
 .bss.htim3     0x0000000020000a94       0x48 ./Application/User/Core/tim.o
                0x0000000020000a94                htim3
 .bss.htim4     0x0000000020000adc       0x48 ./Application/User/Core/tim.o
                0x0000000020000adc                htim4
 .bss.htim6     0x0000000020000b24       0x48 ./Application/User/Core/tim.o
                0x0000000020000b24                htim6
 .bss.htim7     0x0000000020000b6c       0x48 ./Application/User/Core/tim.o
                0x0000000020000b6c                htim7
 .bss.htim8     0x0000000020000bb4       0x48 ./Application/User/Core/tim.o
                0x0000000020000bb4                htim8
 .bss.htim9     0x0000000020000bfc       0x48 ./Application/User/Core/tim.o
                0x0000000020000bfc                htim9
 .bss.htim10    0x0000000020000c44       0x48 ./Application/User/Core/tim.o
                0x0000000020000c44                htim10
 .bss.htim11    0x0000000020000c8c       0x48 ./Application/User/Core/tim.o
                0x0000000020000c8c                htim11
 .bss.htim12    0x0000000020000cd4       0x48 ./Application/User/Core/tim.o
                0x0000000020000cd4                htim12
 .bss.huart1    0x0000000020000d1c       0x44 ./Application/User/Core/usart.o
                0x0000000020000d1c                huart1
 .bss.huart3    0x0000000020000d60       0x44 ./Application/User/Core/usart.o
                0x0000000020000d60                huart3
 .bss.hdma_usart1_rx
                0x0000000020000da4       0x60 ./Application/User/Core/usart.o
                0x0000000020000da4                hdma_usart1_rx
 .bss.hdma_usart1_tx
                0x0000000020000e04       0x60 ./Application/User/Core/usart.o
                0x0000000020000e04                hdma_usart1_tx
 .bss.uwTick    0x0000000020000e64        0x4 ./Drivers/STM32F4xx_HAL_Driver/stm32f4xx_hal.o
                0x0000000020000e64                uwTick
 .bss.KernelState
                0x0000000020000e68        0x4 ./Middlewares/FreeRTOS/cmsis_os2.o
 .bss.Idle_TCB.3
                0x0000000020000e6c       0xbc ./Middlewares/FreeRTOS/cmsis_os2.o
 .bss.Idle_Stack.2
                0x0000000020000f28      0x200 ./Middlewares/FreeRTOS/cmsis_os2.o
 .bss.Timer_TCB.1
                0x0000000020001128       0xbc ./Middlewares/FreeRTOS/cmsis_os2.o
 .bss.Timer_Stack.0
                0x00000000200011e4      0x400 ./Middlewares/FreeRTOS/cmsis_os2.o
 .bss.ucHeap    0x00000000200015e4     0x3c00 ./Middlewares/FreeRTOS/heap_4.o
 .bss.xStart    0x00000000200051e4        0x8 ./Middlewares/FreeRTOS/heap_4.o
 .bss.pxEnd     0x00000000200051ec        0x4 ./Middlewares/FreeRTOS/heap_4.o
 .bss.xFreeBytesRemaining
                0x00000000200051f0        0x4 ./Middlewares/FreeRTOS/heap_4.o
 .bss.xMinimumEverFreeBytesRemaining
                0x00000000200051f4        0x4 ./Middlewares/FreeRTOS/heap_4.o
 .bss.xNumberOfSuccessfulAllocations
                0x00000000200051f8        0x4 ./Middlewares/FreeRTOS/heap_4.o
 .bss.xNumberOfSuccessfulFrees
                0x00000000200051fc        0x4 ./Middlewares/FreeRTOS/heap_4.o
 .bss.xBlockAllocatedBit
                0x0000000020005200        0x4 ./Middlewares/FreeRTOS/heap_4.o
 .bss.ucMaxSysCallPriority
                0x0000000020005204        0x1 ./Middlewares/FreeRTOS/port.o
 *fill*         0x0000000020005205        0x3 
 .bss.ulMaxPRIGROUPValue
                0x0000000020005208        0x4 ./Middlewares/FreeRTOS/port.o
 .bss.xQueueRegistry
                0x000000002000520c       0x40 ./Middlewares/FreeRTOS/queue.o
                0x000000002000520c                xQueueRegistry
 .bss.pxCurrentTCB
                0x000000002000524c        0x4 ./Middlewares/FreeRTOS/tasks.o
                0x000000002000524c                pxCurrentTCB
 .bss.pxReadyTasksLists
                0x0000000020005250      0x460 ./Middlewares/FreeRTOS/tasks.o
 .bss.xDelayedTaskList1
                0x00000000200056b0       0x14 ./Middlewares/FreeRTOS/tasks.o
 .bss.xDelayedTaskList2
                0x00000000200056c4       0x14 ./Middlewares/FreeRTOS/tasks.o
 .bss.pxDelayedTaskList
                0x00000000200056d8        0x4 ./Middlewares/FreeRTOS/tasks.o
 .bss.pxOverflowDelayedTaskList
                0x00000000200056dc        0x4 ./Middlewares/FreeRTOS/tasks.o
 .bss.xPendingReadyList
                0x00000000200056e0       0x14 ./Middlewares/FreeRTOS/tasks.o
 .bss.xTasksWaitingTermination
                0x00000000200056f4       0x14 ./Middlewares/FreeRTOS/tasks.o
 .bss.uxDeletedTasksWaitingCleanUp
                0x0000000020005708        0x4 ./Middlewares/FreeRTOS/tasks.o
 .bss.xSuspendedTaskList
                0x000000002000570c       0x14 ./Middlewares/FreeRTOS/tasks.o
 .bss.uxCurrentNumberOfTasks
                0x0000000020005720        0x4 ./Middlewares/FreeRTOS/tasks.o
 .bss.xTickCount
                0x0000000020005724        0x4 ./Middlewares/FreeRTOS/tasks.o
 .bss.uxTopReadyPriority
                0x0000000020005728        0x4 ./Middlewares/FreeRTOS/tasks.o
 .bss.xSchedulerRunning
                0x000000002000572c        0x4 ./Middlewares/FreeRTOS/tasks.o
 .bss.xPendedTicks
                0x0000000020005730        0x4 ./Middlewares/FreeRTOS/tasks.o
 .bss.xYieldPending
                0x0000000020005734        0x4 ./Middlewares/FreeRTOS/tasks.o
 .bss.xNumOfOverflows
                0x0000000020005738        0x4 ./Middlewares/FreeRTOS/tasks.o
 .bss.uxTaskNumber
                0x000000002000573c        0x4 ./Middlewares/FreeRTOS/tasks.o
 .bss.xNextTaskUnblockTime
                0x0000000020005740        0x4 ./Middlewares/FreeRTOS/tasks.o
 .bss.xIdleTaskHandle
                0x0000000020005744        0x4 ./Middlewares/FreeRTOS/tasks.o
 .bss.uxSchedulerSuspended
                0x0000000020005748        0x4 ./Middlewares/FreeRTOS/tasks.o
 .bss.xActiveTimerList1
                0x000000002000574c       0x14 ./Middlewares/FreeRTOS/timers.o
 .bss.xActiveTimerList2
                0x0000000020005760       0x14 ./Middlewares/FreeRTOS/timers.o
 .bss.pxCurrentTimerList
                0x0000000020005774        0x4 ./Middlewares/FreeRTOS/timers.o
 .bss.pxOverflowTimerList
                0x0000000020005778        0x4 ./Middlewares/FreeRTOS/timers.o
 .bss.xTimerQueue
                0x000000002000577c        0x4 ./Middlewares/FreeRTOS/timers.o
 .bss.xTimerTaskHandle
                0x0000000020005780        0x4 ./Middlewares/FreeRTOS/timers.o
 .bss.xLastTime.2
                0x0000000020005784        0x4 ./Middlewares/FreeRTOS/timers.o
 .bss.ucStaticTimerQueueStorage.1
                0x0000000020005788       0xa0 ./Middlewares/FreeRTOS/timers.o
 .bss.xStaticTimerQueue.0
                0x0000000020005828       0x50 ./Middlewares/FreeRTOS/timers.o
 .bss.__lock___malloc_recursive_mutex
                0x0000000020005878        0x1 c:/st/stm32cubeide_1.9.0/stm32cubeide/plugins/com.st.stm32cube.ide.mcu.externaltools.gnu-tools-for-stm32.10.3-2021.10.win32_1.0.0.202111181127/tools/bin/../lib/gcc/arm-none-eabi/10.3.1/../../../../arm-none-eabi/lib/thumb/v7e-m+fp/hard\libc_nano.a(lib_a-lock.o)
                0x0000000020005878                __lock___malloc_recursive_mutex
 *fill*         0x0000000020005879        0x3 
 .bss.__malloc_free_list
                0x000000002000587c        0x4 c:/st/stm32cubeide_1.9.0/stm32cubeide/plugins/com.st.stm32cube.ide.mcu.externaltools.gnu-tools-for-stm32.10.3-2021.10.win32_1.0.0.202111181127/tools/bin/../lib/gcc/arm-none-eabi/10.3.1/../../../../arm-none-eabi/lib/thumb/v7e-m+fp/hard\libc_nano.a(lib_a-nano-mallocr.o)
                0x000000002000587c                __malloc_free_list
 *(COMMON)
                0x0000000020005880                . = ALIGN (0x4)
                0x0000000020005880                _ebss = .
                0x0000000020005880                __bss_end__ = _ebss

._user_heap_stack
                0x0000000020005880      0x600
                0x0000000020005880                . = ALIGN (0x8)
                [!provide]                        PROVIDE (end = .)
                0x0000000020005880                PROVIDE (_end = .)
                0x0000000020005a80                . = (. + _Min_Heap_Size)
 *fill*         0x0000000020005880      0x200 
                0x0000000020005e80                . = (. + _Min_Stack_Size)
 *fill*         0x0000000020005a80      0x400 
                0x0000000020005e80                . = ALIGN (0x8)

/DISCARD/
 libc.a(*)
 libm.a(*)
 libgcc.a(*)

.ARM.attributes
                0x0000000000000000       0x30
 *(.ARM.attributes)
 .ARM.attributes
                0x0000000000000000       0x1e c:/st/stm32cubeide_1.9.0/stm32cubeide/plugins/com.st.stm32cube.ide.mcu.externaltools.gnu-tools-for-stm32.10.3-2021.10.win32_1.0.0.202111181127/tools/bin/../lib/gcc/arm-none-eabi/10.3.1/thumb/v7e-m+fp/hard/crti.o
 .ARM.attributes
                0x000000000000001e       0x34 c:/st/stm32cubeide_1.9.0/stm32cubeide/plugins/com.st.stm32cube.ide.mcu.externaltools.gnu-tools-for-stm32.10.3-2021.10.win32_1.0.0.202111181127/tools/bin/../lib/gcc/arm-none-eabi/10.3.1/thumb/v7e-m+fp/hard/crtbegin.o
 .ARM.attributes
                0x0000000000000052       0x34 ./Application/User/Core/adc.o
 .ARM.attributes
                0x0000000000000086       0x34 ./Application/User/Core/dma.o
 .ARM.attributes
                0x00000000000000ba       0x34 ./Application/User/Core/freertos.o
 .ARM.attributes
                0x00000000000000ee       0x34 ./Application/User/Core/gpio.o
 .ARM.attributes
                0x0000000000000122       0x34 ./Application/User/Core/i2c.o
 .ARM.attributes
                0x0000000000000156       0x34 ./Application/User/Core/main.o
 .ARM.attributes
                0x000000000000018a       0x34 ./Application/User/Core/stm32f4xx_hal_msp.o
 .ARM.attributes
                0x00000000000001be       0x34 ./Application/User/Core/stm32f4xx_hal_timebase_tim.o
 .ARM.attributes
                0x00000000000001f2       0x34 ./Application/User/Core/stm32f4xx_it.o
 .ARM.attributes
                0x0000000000000226       0x34 ./Application/User/Core/tim.o
 .ARM.attributes
                0x000000000000025a       0x34 ./Application/User/Core/usart.o
 .ARM.attributes
                0x000000000000028e       0x21 ./Application/User/Startup/startup_stm32f407vgtx.o
 .ARM.attributes
                0x00000000000002af       0x34 ./Drivers/CMSIS/system_stm32f4xx.o
 .ARM.attributes
                0x00000000000002e3       0x34 ./Drivers/STM32F4xx_HAL_Driver/stm32f4xx_hal.o
 .ARM.attributes
                0x0000000000000317       0x34 ./Drivers/STM32F4xx_HAL_Driver/stm32f4xx_hal_adc.o
 .ARM.attributes
                0x000000000000034b       0x34 ./Drivers/STM32F4xx_HAL_Driver/stm32f4xx_hal_cortex.o
 .ARM.attributes
                0x000000000000037f       0x34 ./Drivers/STM32F4xx_HAL_Driver/stm32f4xx_hal_dma.o
 .ARM.attributes
                0x00000000000003b3       0x34 ./Drivers/STM32F4xx_HAL_Driver/stm32f4xx_hal_gpio.o
 .ARM.attributes
                0x00000000000003e7       0x34 ./Drivers/STM32F4xx_HAL_Driver/stm32f4xx_hal_i2c.o
 .ARM.attributes
                0x000000000000041b       0x34 ./Drivers/STM32F4xx_HAL_Driver/stm32f4xx_hal_rcc.o
 .ARM.attributes
                0x000000000000044f       0x34 ./Drivers/STM32F4xx_HAL_Driver/stm32f4xx_hal_tim.o
 .ARM.attributes
                0x0000000000000483       0x34 ./Drivers/STM32F4xx_HAL_Driver/stm32f4xx_hal_tim_ex.o
 .ARM.attributes
                0x00000000000004b7       0x34 ./Drivers/STM32F4xx_HAL_Driver/stm32f4xx_hal_uart.o
 .ARM.attributes
                0x00000000000004eb       0x34 ./Middlewares/FreeRTOS/cmsis_os2.o
 .ARM.attributes
                0x000000000000051f       0x34 ./Middlewares/FreeRTOS/heap_4.o
 .ARM.attributes
                0x0000000000000553       0x34 ./Middlewares/FreeRTOS/list.o
 .ARM.attributes
                0x0000000000000587       0x34 ./Middlewares/FreeRTOS/port.o
 .ARM.attributes
                0x00000000000005bb       0x34 ./Middlewares/FreeRTOS/queue.o
 .ARM.attributes
                0x00000000000005ef       0x34 ./Middlewares/FreeRTOS/tasks.o
 .ARM.attributes
                0x0000000000000623       0x34 ./Middlewares/FreeRTOS/timers.o
 .ARM.attributes
                0x0000000000000657       0x34 c:/st/stm32cubeide_1.9.0/stm32cubeide/plugins/com.st.stm32cube.ide.mcu.externaltools.gnu-tools-for-stm32.10.3-2021.10.win32_1.0.0.202111181127/tools/bin/../lib/gcc/arm-none-eabi/10.3.1/../../../../arm-none-eabi/lib/thumb/v7e-m+fp/hard\libc_nano.a(lib_a-findfp.o)
 .ARM.attributes
                0x000000000000068b       0x34 c:/st/stm32cubeide_1.9.0/stm32cubeide/plugins/com.st.stm32cube.ide.mcu.externaltools.gnu-tools-for-stm32.10.3-2021.10.win32_1.0.0.202111181127/tools/bin/../lib/gcc/arm-none-eabi/10.3.1/../../../../arm-none-eabi/lib/thumb/v7e-m+fp/hard\libc_nano.a(lib_a-impure.o)
 .ARM.attributes
                0x00000000000006bf       0x34 c:/st/stm32cubeide_1.9.0/stm32cubeide/plugins/com.st.stm32cube.ide.mcu.externaltools.gnu-tools-for-stm32.10.3-2021.10.win32_1.0.0.202111181127/tools/bin/../lib/gcc/arm-none-eabi/10.3.1/../../../../arm-none-eabi/lib/thumb/v7e-m+fp/hard\libc_nano.a(lib_a-init.o)
 .ARM.attributes
                0x00000000000006f3       0x34 c:/st/stm32cubeide_1.9.0/stm32cubeide/plugins/com.st.stm32cube.ide.mcu.externaltools.gnu-tools-for-stm32.10.3-2021.10.win32_1.0.0.202111181127/tools/bin/../lib/gcc/arm-none-eabi/10.3.1/../../../../arm-none-eabi/lib/thumb/v7e-m+fp/hard\libc_nano.a(lib_a-lock.o)
 .ARM.attributes
                0x0000000000000727       0x34 c:/st/stm32cubeide_1.9.0/stm32cubeide/plugins/com.st.stm32cube.ide.mcu.externaltools.gnu-tools-for-stm32.10.3-2021.10.win32_1.0.0.202111181127/tools/bin/../lib/gcc/arm-none-eabi/10.3.1/../../../../arm-none-eabi/lib/thumb/v7e-m+fp/hard\libc_nano.a(lib_a-memcpy-stub.o)
 .ARM.attributes
                0x000000000000075b       0x34 c:/st/stm32cubeide_1.9.0/stm32cubeide/plugins/com.st.stm32cube.ide.mcu.externaltools.gnu-tools-for-stm32.10.3-2021.10.win32_1.0.0.202111181127/tools/bin/../lib/gcc/arm-none-eabi/10.3.1/../../../../arm-none-eabi/lib/thumb/v7e-m+fp/hard\libc_nano.a(lib_a-memset.o)
 .ARM.attributes
                0x000000000000078f       0x34 c:/st/stm32cubeide_1.9.0/stm32cubeide/plugins/com.st.stm32cube.ide.mcu.externaltools.gnu-tools-for-stm32.10.3-2021.10.win32_1.0.0.202111181127/tools/bin/../lib/gcc/arm-none-eabi/10.3.1/../../../../arm-none-eabi/lib/thumb/v7e-m+fp/hard\libc_nano.a(lib_a-nano-mallocr.o)
 .ARM.attributes
                0x00000000000007c3       0x34 c:/st/stm32cubeide_1.9.0/stm32cubeide/plugins/com.st.stm32cube.ide.mcu.externaltools.gnu-tools-for-stm32.10.3-2021.10.win32_1.0.0.202111181127/tools/bin/../lib/gcc/arm-none-eabi/10.3.1/../../../../arm-none-eabi/lib/thumb/v7e-m+fp/hard\libc_nano.a(lib_a-reent.o)
 .ARM.attributes
                0x00000000000007f7       0x34 c:/st/stm32cubeide_1.9.0/stm32cubeide/plugins/com.st.stm32cube.ide.mcu.externaltools.gnu-tools-for-stm32.10.3-2021.10.win32_1.0.0.202111181127/tools/bin/../lib/gcc/arm-none-eabi/10.3.1/../../../../arm-none-eabi/lib/thumb/v7e-m+fp/hard\libc_nano.a(lib_a-mlock.o)
 .ARM.attributes
                0x000000000000082b       0x34 c:/st/stm32cubeide_1.9.0/stm32cubeide/plugins/com.st.stm32cube.ide.mcu.externaltools.gnu-tools-for-stm32.10.3-2021.10.win32_1.0.0.202111181127/tools/bin/../lib/gcc/arm-none-eabi/10.3.1/../../../../arm-none-eabi/lib/thumb/v7e-m+fp/hard\libc_nano.a(lib_a-nano-freer.o)
 .ARM.attributes
                0x000000000000085f       0x1e c:/st/stm32cubeide_1.9.0/stm32cubeide/plugins/com.st.stm32cube.ide.mcu.externaltools.gnu-tools-for-stm32.10.3-2021.10.win32_1.0.0.202111181127/tools/bin/../lib/gcc/arm-none-eabi/10.3.1/thumb/v7e-m+fp/hard\libgcc.a(_arm_addsubdf3.o)
 .ARM.attributes
                0x000000000000087d       0x1e c:/st/stm32cubeide_1.9.0/stm32cubeide/plugins/com.st.stm32cube.ide.mcu.externaltools.gnu-tools-for-stm32.10.3-2021.10.win32_1.0.0.202111181127/tools/bin/../lib/gcc/arm-none-eabi/10.3.1/thumb/v7e-m+fp/hard\libgcc.a(_arm_muldivdf3.o)
 .ARM.attributes
                0x000000000000089b       0x1e c:/st/stm32cubeide_1.9.0/stm32cubeide/plugins/com.st.stm32cube.ide.mcu.externaltools.gnu-tools-for-stm32.10.3-2021.10.win32_1.0.0.202111181127/tools/bin/../lib/gcc/arm-none-eabi/10.3.1/thumb/v7e-m+fp/hard\libgcc.a(_arm_truncdfsf2.o)
 .ARM.attributes
                0x00000000000008b9       0x1e c:/st/stm32cubeide_1.9.0/stm32cubeide/plugins/com.st.stm32cube.ide.mcu.externaltools.gnu-tools-for-stm32.10.3-2021.10.win32_1.0.0.202111181127/tools/bin/../lib/gcc/arm-none-eabi/10.3.1/thumb/v7e-m+fp/hard\libgcc.a(_aeabi_uldivmod.o)
 .ARM.attributes
                0x00000000000008d7       0x34 c:/st/stm32cubeide_1.9.0/stm32cubeide/plugins/com.st.stm32cube.ide.mcu.externaltools.gnu-tools-for-stm32.10.3-2021.10.win32_1.0.0.202111181127/tools/bin/../lib/gcc/arm-none-eabi/10.3.1/thumb/v7e-m+fp/hard\libgcc.a(_udivmoddi4.o)
 .ARM.attributes
                0x000000000000090b       0x1e c:/st/stm32cubeide_1.9.0/stm32cubeide/plugins/com.st.stm32cube.ide.mcu.externaltools.gnu-tools-for-stm32.10.3-2021.10.win32_1.0.0.202111181127/tools/bin/../lib/gcc/arm-none-eabi/10.3.1/thumb/v7e-m+fp/hard\libgcc.a(_dvmd_tls.o)
 .ARM.attributes
                0x0000000000000929       0x1e c:/st/stm32cubeide_1.9.0/stm32cubeide/plugins/com.st.stm32cube.ide.mcu.externaltools.gnu-tools-for-stm32.10.3-2021.10.win32_1.0.0.202111181127/tools/bin/../lib/gcc/arm-none-eabi/10.3.1/thumb/v7e-m+fp/hard/crtn.o
OUTPUT(stm32_hardware.elf elf32-littlearm)
LOAD linker stubs
LOAD c:/st/stm32cubeide_1.9.0/stm32cubeide/plugins/com.st.stm32cube.ide.mcu.externaltools.gnu-tools-for-stm32.10.3-2021.10.win32_1.0.0.202111181127/tools/bin/../lib/gcc/arm-none-eabi/10.3.1/../../../../arm-none-eabi/lib/thumb/v7e-m+fp/hard\libc.a
LOAD c:/st/stm32cubeide_1.9.0/stm32cubeide/plugins/com.st.stm32cube.ide.mcu.externaltools.gnu-tools-for-stm32.10.3-2021.10.win32_1.0.0.202111181127/tools/bin/../lib/gcc/arm-none-eabi/10.3.1/../../../../arm-none-eabi/lib/thumb/v7e-m+fp/hard\libm.a
LOAD c:/st/stm32cubeide_1.9.0/stm32cubeide/plugins/com.st.stm32cube.ide.mcu.externaltools.gnu-tools-for-stm32.10.3-2021.10.win32_1.0.0.202111181127/tools/bin/../lib/gcc/arm-none-eabi/10.3.1/thumb/v7e-m+fp/hard\libgcc.a

.debug_info     0x0000000000000000    0x2115b
 .debug_info    0x0000000000000000      0xab1 ./Application/User/Core/adc.o
 .debug_info    0x0000000000000ab1      0x4fa ./Application/User/Core/dma.o
 .debug_info    0x0000000000000fab     0x155e ./Application/User/Core/freertos.o
 .debug_info    0x0000000000002509      0x71a ./Application/User/Core/gpio.o
 .debug_info    0x0000000000002c23      0xa1c ./Application/User/Core/i2c.o
 .debug_info    0x000000000000363f      0xf50 ./Application/User/Core/main.o
 .debug_info    0x000000000000458f      0x504 ./Application/User/Core/stm32f4xx_hal_msp.o
 .debug_info    0x0000000000004a93      0xc21 ./Application/User/Core/stm32f4xx_hal_timebase_tim.o
 .debug_info    0x00000000000056b4      0x98f ./Application/User/Core/stm32f4xx_it.o
 .debug_info    0x0000000000006043     0x1438 ./Application/User/Core/tim.o
 .debug_info    0x000000000000747b      0xa66 ./Application/User/Core/usart.o
 .debug_info    0x0000000000007ee1       0x22 ./Application/User/Startup/startup_stm32f407vgtx.o
 .debug_info    0x0000000000007f03      0x523 ./Drivers/CMSIS/system_stm32f4xx.o
 .debug_info    0x0000000000008426      0x97c ./Drivers/STM32F4xx_HAL_Driver/stm32f4xx_hal.o
 .debug_info    0x0000000000008da2      0xd70 ./Drivers/STM32F4xx_HAL_Driver/stm32f4xx_hal_adc.o
 .debug_info    0x0000000000009b12      0xe1b ./Drivers/STM32F4xx_HAL_Driver/stm32f4xx_hal_cortex.o
 .debug_info    0x000000000000a92d      0x94f ./Drivers/STM32F4xx_HAL_Driver/stm32f4xx_hal_dma.o
 .debug_info    0x000000000000b27c      0x76a ./Drivers/STM32F4xx_HAL_Driver/stm32f4xx_hal_gpio.o
 .debug_info    0x000000000000b9e6     0x2609 ./Drivers/STM32F4xx_HAL_Driver/stm32f4xx_hal_i2c.o
 .debug_info    0x000000000000dfef      0x966 ./Drivers/STM32F4xx_HAL_Driver/stm32f4xx_hal_rcc.o
 .debug_info    0x000000000000e955     0x2bbe ./Drivers/STM32F4xx_HAL_Driver/stm32f4xx_hal_tim.o
 .debug_info    0x0000000000011513     0x15e0 ./Drivers/STM32F4xx_HAL_Driver/stm32f4xx_hal_tim_ex.o
 .debug_info    0x0000000000012af3     0x31bc ./Drivers/STM32F4xx_HAL_Driver/stm32f4xx_hal_uart.o
 .debug_info    0x0000000000015caf     0x4341 ./Middlewares/FreeRTOS/cmsis_os2.o
 .debug_info    0x0000000000019ff0      0x50b ./Middlewares/FreeRTOS/heap_4.o
 .debug_info    0x000000000001a4fb      0x2d1 ./Middlewares/FreeRTOS/list.o
 .debug_info    0x000000000001a7cc      0x507 ./Middlewares/FreeRTOS/port.o
 .debug_info    0x000000000001acd3     0x1cbf ./Middlewares/FreeRTOS/queue.o
 .debug_info    0x000000000001c992     0x2b40 ./Middlewares/FreeRTOS/tasks.o
 .debug_info    0x000000000001f4d2     0x1c89 ./Middlewares/FreeRTOS/timers.o

.debug_abbrev   0x0000000000000000     0x4421
 .debug_abbrev  0x0000000000000000      0x1f3 ./Application/User/Core/adc.o
 .debug_abbrev  0x00000000000001f3      0x10a ./Application/User/Core/dma.o
 .debug_abbrev  0x00000000000002fd      0x2cb ./Application/User/Core/freertos.o
 .debug_abbrev  0x00000000000005c8      0x164 ./Application/User/Core/gpio.o
 .debug_abbrev  0x000000000000072c      0x1e0 ./Application/User/Core/i2c.o
 .debug_abbrev  0x000000000000090c      0x2e3 ./Application/User/Core/main.o
 .debug_abbrev  0x0000000000000bef      0x115 ./Application/User/Core/stm32f4xx_hal_msp.o
 .debug_abbrev  0x0000000000000d04      0x1d3 ./Application/User/Core/stm32f4xx_hal_timebase_tim.o
 .debug_abbrev  0x0000000000000ed7      0x1d7 ./Application/User/Core/stm32f4xx_it.o
 .debug_abbrev  0x00000000000010ae      0x25a ./Application/User/Core/tim.o
 .debug_abbrev  0x0000000000001308      0x1fa ./Application/User/Core/usart.o
 .debug_abbrev  0x0000000000001502       0x12 ./Application/User/Startup/startup_stm32f407vgtx.o
 .debug_abbrev  0x0000000000001514      0x116 ./Drivers/CMSIS/system_stm32f4xx.o
 .debug_abbrev  0x000000000000162a      0x20d ./Drivers/STM32F4xx_HAL_Driver/stm32f4xx_hal.o
 .debug_abbrev  0x0000000000001837      0x244 ./Drivers/STM32F4xx_HAL_Driver/stm32f4xx_hal_adc.o
 .debug_abbrev  0x0000000000001a7b      0x316 ./Drivers/STM32F4xx_HAL_Driver/stm32f4xx_hal_cortex.o
 .debug_abbrev  0x0000000000001d91      0x25b ./Drivers/STM32F4xx_HAL_Driver/stm32f4xx_hal_dma.o
 .debug_abbrev  0x0000000000001fec      0x1c4 ./Drivers/STM32F4xx_HAL_Driver/stm32f4xx_hal_gpio.o
 .debug_abbrev  0x00000000000021b0      0x297 ./Drivers/STM32F4xx_HAL_Driver/stm32f4xx_hal_i2c.o
 .debug_abbrev  0x0000000000002447      0x2aa ./Drivers/STM32F4xx_HAL_Driver/stm32f4xx_hal_rcc.o
 .debug_abbrev  0x00000000000026f1      0x25d ./Drivers/STM32F4xx_HAL_Driver/stm32f4xx_hal_tim.o
 .debug_abbrev  0x000000000000294e      0x265 ./Drivers/STM32F4xx_HAL_Driver/stm32f4xx_hal_tim_ex.o
 .debug_abbrev  0x0000000000002bb3      0x2f4 ./Drivers/STM32F4xx_HAL_Driver/stm32f4xx_hal_uart.o
 .debug_abbrev  0x0000000000002ea7      0x529 ./Middlewares/FreeRTOS/cmsis_os2.o
 .debug_abbrev  0x00000000000033d0      0x212 ./Middlewares/FreeRTOS/heap_4.o
 .debug_abbrev  0x00000000000035e2       0xf2 ./Middlewares/FreeRTOS/list.o
 .debug_abbrev  0x00000000000036d4      0x259 ./Middlewares/FreeRTOS/port.o
 .debug_abbrev  0x000000000000392d      0x3a1 ./Middlewares/FreeRTOS/queue.o
 .debug_abbrev  0x0000000000003cce      0x3f3 ./Middlewares/FreeRTOS/tasks.o
 .debug_abbrev  0x00000000000040c1      0x360 ./Middlewares/FreeRTOS/timers.o

.debug_aranges  0x0000000000000000     0x19b0
 .debug_aranges
                0x0000000000000000       0x30 ./Application/User/Core/adc.o
 .debug_aranges
                0x0000000000000030       0x20 ./Application/User/Core/dma.o
 .debug_aranges
                0x0000000000000050       0x40 ./Application/User/Core/freertos.o
 .debug_aranges
                0x0000000000000090       0x20 ./Application/User/Core/gpio.o
 .debug_aranges
                0x00000000000000b0       0x30 ./Application/User/Core/i2c.o
 .debug_aranges
                0x00000000000000e0       0x58 ./Application/User/Core/main.o
 .debug_aranges
                0x0000000000000138       0x20 ./Application/User/Core/stm32f4xx_hal_msp.o
 .debug_aranges
                0x0000000000000158       0x30 ./Application/User/Core/stm32f4xx_hal_timebase_tim.o
 .debug_aranges
                0x0000000000000188       0xb0 ./Application/User/Core/stm32f4xx_it.o
 .debug_aranges
                0x0000000000000238       0xa0 ./Application/User/Core/tim.o
 .debug_aranges
                0x00000000000002d8       0x38 ./Application/User/Core/usart.o
 .debug_aranges
                0x0000000000000310       0x28 ./Application/User/Startup/startup_stm32f407vgtx.o
 .debug_aranges
                0x0000000000000338       0x28 ./Drivers/CMSIS/system_stm32f4xx.o
 .debug_aranges
                0x0000000000000360       0xf0 ./Drivers/STM32F4xx_HAL_Driver/stm32f4xx_hal.o
 .debug_aranges
                0x0000000000000450       0xe8 ./Drivers/STM32F4xx_HAL_Driver/stm32f4xx_hal_adc.o
 .debug_aranges
                0x0000000000000538      0x118 ./Drivers/STM32F4xx_HAL_Driver/stm32f4xx_hal_cortex.o
 .debug_aranges
                0x0000000000000650       0x90 ./Drivers/STM32F4xx_HAL_Driver/stm32f4xx_hal_dma.o
 .debug_aranges
                0x00000000000006e0       0x58 ./Drivers/STM32F4xx_HAL_Driver/stm32f4xx_hal_gpio.o
 .debug_aranges
                0x0000000000000738      0x2a0 ./Drivers/STM32F4xx_HAL_Driver/stm32f4xx_hal_i2c.o
 .debug_aranges
                0x00000000000009d8       0x88 ./Drivers/STM32F4xx_HAL_Driver/stm32f4xx_hal_rcc.o
 .debug_aranges
                0x0000000000000a60      0x3d0 ./Drivers/STM32F4xx_HAL_Driver/stm32f4xx_hal_tim.o
 .debug_aranges
                0x0000000000000e30      0x168 ./Drivers/STM32F4xx_HAL_Driver/stm32f4xx_hal_tim_ex.o
 .debug_aranges
                0x0000000000000f98      0x200 ./Drivers/STM32F4xx_HAL_Driver/stm32f4xx_hal_uart.o
 .debug_aranges
                0x0000000000001198      0x2b0 ./Middlewares/FreeRTOS/cmsis_os2.o
 .debug_aranges
                0x0000000000001448       0x58 ./Middlewares/FreeRTOS/heap_4.o
 .debug_aranges
                0x00000000000014a0       0x40 ./Middlewares/FreeRTOS/list.o
 .debug_aranges
                0x00000000000014e0       0x80 ./Middlewares/FreeRTOS/port.o
 .debug_aranges
                0x0000000000001560      0x158 ./Middlewares/FreeRTOS/queue.o
 .debug_aranges
                0x00000000000016b8      0x208 ./Middlewares/FreeRTOS/tasks.o
 .debug_aranges
                0x00000000000018c0       0xf0 ./Middlewares/FreeRTOS/timers.o

.debug_ranges   0x0000000000000000     0x1820
 .debug_ranges  0x0000000000000000       0x20 ./Application/User/Core/adc.o
 .debug_ranges  0x0000000000000020       0x10 ./Application/User/Core/dma.o
 .debug_ranges  0x0000000000000030       0x30 ./Application/User/Core/freertos.o
 .debug_ranges  0x0000000000000060       0x10 ./Application/User/Core/gpio.o
 .debug_ranges  0x0000000000000070       0x20 ./Application/User/Core/i2c.o
 .debug_ranges  0x0000000000000090       0x48 ./Application/User/Core/main.o
 .debug_ranges  0x00000000000000d8       0x10 ./Application/User/Core/stm32f4xx_hal_msp.o
 .debug_ranges  0x00000000000000e8       0x20 ./Application/User/Core/stm32f4xx_hal_timebase_tim.o
 .debug_ranges  0x0000000000000108       0xa0 ./Application/User/Core/stm32f4xx_it.o
 .debug_ranges  0x00000000000001a8       0x90 ./Application/User/Core/tim.o
 .debug_ranges  0x0000000000000238       0x28 ./Application/User/Core/usart.o
 .debug_ranges  0x0000000000000260       0x20 ./Application/User/Startup/startup_stm32f407vgtx.o
 .debug_ranges  0x0000000000000280       0x18 ./Drivers/CMSIS/system_stm32f4xx.o
 .debug_ranges  0x0000000000000298       0xe0 ./Drivers/STM32F4xx_HAL_Driver/stm32f4xx_hal.o
 .debug_ranges  0x0000000000000378       0xd8 ./Drivers/STM32F4xx_HAL_Driver/stm32f4xx_hal_adc.o
 .debug_ranges  0x0000000000000450      0x108 ./Drivers/STM32F4xx_HAL_Driver/stm32f4xx_hal_cortex.o
 .debug_ranges  0x0000000000000558       0x80 ./Drivers/STM32F4xx_HAL_Driver/stm32f4xx_hal_dma.o