C:/Users/Caska/Documents/PlatformIO/Projects/esp_wifi_robot/stm32_hardware/Core/Src/main.c:74:5:main	8	static
C:/Users/Caska/Documents/PlatformIO/Projects/esp_wifi_robot/stm32_hardware/Core/Src/main.c:152:6:SystemClock_Config	88	static
C:/Users/Caska/Documents/PlatformIO/Projects/esp_wifi_robot/stm32_hardware/Core/Src/main.c:194:6:get_encoder_data	32	static
C:/Users/Caska/Documents/PlatformIO/Projects/esp_wifi_robot/stm32_hardware/Core/Src/main.c:222:6:calc_pid	4	static
C:/Users/Caska/Documents/PlatformIO/Projects/esp_wifi_robot/stm32_hardware/Core/Src/main.c:265:6:set_voltage	16	static
C:/Users/Caska/Documents/PlatformIO/Projects/esp_wifi_robot/stm32_hardware/Core/Src/main.c:304:6:init_pid	4	static
C:/Users/Caska/Documents/PlatformIO/Projects/esp_wifi_robot/stm32_hardware/Core/Src/main.c:362:6:HAL_TIM_PeriodElapsedCallback	16	static
C:/Users/Caska/Documents/PlatformIO/Projects/esp_wifi_robot/stm32_hardware/Core/Src/main.c:379:6:Error_Handler	4	static,ignoring_inline_asm
