C:/Users/Caska/Documents/PlatformIO/Projects/esp_wifi_robot/stm32_hardware/Core/Src/stm32f4xx_it.c:76:6:NMI_Handler	4	static
C:/Users/Caska/Documents/PlatformIO/Projects/esp_wifi_robot/stm32_hardware/Core/Src/stm32f4xx_it.c:91:6:HardFault_Handler	4	static
C:/Users/Caska/Documents/PlatformIO/Projects/esp_wifi_robot/stm32_hardware/Core/Src/stm32f4xx_it.c:106:6:MemManage_Handler	4	static
C:/Users/Caska/Documents/PlatformIO/Projects/esp_wifi_robot/stm32_hardware/Core/Src/stm32f4xx_it.c:121:6:BusFault_Handler	4	static
C:/Users/Caska/Documents/PlatformIO/Projects/esp_wifi_robot/stm32_hardware/Core/Src/stm32f4xx_it.c:136:6:UsageFault_Handler	4	static
C:/Users/Caska/Documents/PlatformIO/Projects/esp_wifi_robot/stm32_hardware/Core/Src/stm32f4xx_it.c:151:6:DebugMon_Handler	4	static
C:/Users/Caska/Documents/PlatformIO/Projects/esp_wifi_robot/stm32_hardware/Core/Src/stm32f4xx_it.c:171:6:EXTI0_IRQHandler	8	static
C:/Users/Caska/Documents/PlatformIO/Projects/esp_wifi_robot/stm32_hardware/Core/Src/stm32f4xx_it.c:185:6:EXTI1_IRQHandler	8	static
C:/Users/Caska/Documents/PlatformIO/Projects/esp_wifi_robot/stm32_hardware/Core/Src/stm32f4xx_it.c:199:6:EXTI2_IRQHandler	8	static
C:/Users/Caska/Documents/PlatformIO/Projects/esp_wifi_robot/stm32_hardware/Core/Src/stm32f4xx_it.c:213:6:EXTI3_IRQHandler	8	static
C:/Users/Caska/Documents/PlatformIO/Projects/esp_wifi_robot/stm32_hardware/Core/Src/stm32f4xx_it.c:227:6:EXTI4_IRQHandler	8	static
C:/Users/Caska/Documents/PlatformIO/Projects/esp_wifi_robot/stm32_hardware/Core/Src/stm32f4xx_it.c:241:6:EXTI9_5_IRQHandler	8	static
C:/Users/Caska/Documents/PlatformIO/Projects/esp_wifi_robot/stm32_hardware/Core/Src/stm32f4xx_it.c:258:6:TIM1_UP_TIM10_IRQHandler	8	static
C:/Users/Caska/Documents/PlatformIO/Projects/esp_wifi_robot/stm32_hardware/Core/Src/stm32f4xx_it.c:273:6:EXTI15_10_IRQHandler	8	static
C:/Users/Caska/Documents/PlatformIO/Projects/esp_wifi_robot/stm32_hardware/Core/Src/stm32f4xx_it.c:287:6:TIM6_DAC_IRQHandler	8	static
C:/Users/Caska/Documents/PlatformIO/Projects/esp_wifi_robot/stm32_hardware/Core/Src/stm32f4xx_it.c:306:6:TIM7_IRQHandler	8	static
C:/Users/Caska/Documents/PlatformIO/Projects/esp_wifi_robot/stm32_hardware/Core/Src/stm32f4xx_it.c:320:6:DMA2_Stream0_IRQHandler	8	static
C:/Users/Caska/Documents/PlatformIO/Projects/esp_wifi_robot/stm32_hardware/Core/Src/stm32f4xx_it.c:334:6:DMA2_Stream2_IRQHandler	8	static
C:/Users/Caska/Documents/PlatformIO/Projects/esp_wifi_robot/stm32_hardware/Core/Src/stm32f4xx_it.c:348:6:DMA2_Stream7_IRQHandler	8	static
