C:/Users/Caska/Documents/PlatformIO/Projects/esp_wifi_robot/stm32_hardware/Core/Src/tim.c:39:6:MX_TIM2_Init	56	static
C:/Users/Caska/Documents/PlatformIO/Projects/esp_wifi_robot/stm32_hardware/Core/Src/tim.c:83:6:MX_TIM3_Init	56	static
C:/Users/Caska/Documents/PlatformIO/Projects/esp_wifi_robot/stm32_hardware/Core/Src/tim.c:127:6:MX_TIM4_Init	48	static
C:/Users/Caska/Documents/PlatformIO/Projects/esp_wifi_robot/stm32_hardware/Core/Src/tim.c:183:6:MX_TIM6_Init	16	static
C:/Users/Caska/Documents/PlatformIO/Projects/esp_wifi_robot/stm32_hardware/Core/Src/tim.c:216:6:MX_TIM7_Init	16	static
C:/Users/Caska/Documents/PlatformIO/Projects/esp_wifi_robot/stm32_hardware/Core/Src/tim.c:249:6:MX_TIM8_Init	56	static
C:/Users/Caska/Documents/PlatformIO/Projects/esp_wifi_robot/stm32_hardware/Core/Src/tim.c:294:6:MX_TIM9_Init	40	static
C:/Users/Caska/Documents/PlatformIO/Projects/esp_wifi_robot/stm32_hardware/Core/Src/tim.c:335:6:MX_TIM10_Init	40	static
C:/Users/Caska/Documents/PlatformIO/Projects/esp_wifi_robot/stm32_hardware/Core/Src/tim.c:376:6:MX_TIM11_Init	40	static
C:/Users/Caska/Documents/PlatformIO/Projects/esp_wifi_robot/stm32_hardware/Core/Src/tim.c:417:6:MX_TIM12_Init	40	static
C:/Users/Caska/Documents/PlatformIO/Projects/esp_wifi_robot/stm32_hardware/Core/Src/tim.c:458:6:HAL_TIM_Encoder_MspInit	64	static
C:/Users/Caska/Documents/PlatformIO/Projects/esp_wifi_robot/stm32_hardware/Core/Src/tim.c:544:6:HAL_TIM_PWM_MspInit	32	static
C:/Users/Caska/Documents/PlatformIO/Projects/esp_wifi_robot/stm32_hardware/Core/Src/tim.c:582:6:HAL_TIM_Base_MspInit	32	static
C:/Users/Caska/Documents/PlatformIO/Projects/esp_wifi_robot/stm32_hardware/Core/Src/tim.c:642:6:HAL_TIM_MspPostInit	56	static
C:/Users/Caska/Documents/PlatformIO/Projects/esp_wifi_robot/stm32_hardware/Core/Src/tim.c:758:6:HAL_TIM_Encoder_MspDeInit	16	static
C:/Users/Caska/Documents/PlatformIO/Projects/esp_wifi_robot/stm32_hardware/Core/Src/tim.c:819:6:HAL_TIM_PWM_MspDeInit	16	static
C:/Users/Caska/Documents/PlatformIO/Projects/esp_wifi_robot/stm32_hardware/Core/Src/tim.c:857:6:HAL_TIM_Base_MspDeInit	16	static
